[2026-03-16 11:29:10] local.ERROR: SQLSTATE[HY000] [2002] Nem hozható létre kapcsolat, mert a célszámítógép már visszautasította a kapcsolatot (Connection: mysql, Host: 127.0.0.1, Port: 3306, Database: blathyfm_backend, SQL: select exists (select 1 from information_schema.tables where table_schema = schema() and table_name = 'migrations' and table_type in ('BASE TABLE', 'SYSTEM VERSIONED')) as `exists`) {"exception":"[object] (Illuminate\\Database\\QueryException(code: 2002): SQLSTATE[HY000] [2002] Nem hozható létre kapcsolat, mert a célszámítógép már visszautasította a kapcsolatot (Connection: mysql, Host: 127.0.0.1, Port: 3306, Database: blathyfm_backend, SQL: select exists (select 1 from information_schema.tables where table_schema = schema() and table_name = 'migrations' and table_type in ('BASE TABLE', 'SYSTEM VERSIONED')) as `exists`) at C:/Users/susan/Desktop/Repositoryk/Vizsgaremek/BlathyFM/blathyfm_backend/vendor/laravel/framework/src/Illuminate/Database/Connection.php:838)
[stacktrace]
#0 C:/Users/susan/Desktop/Repositoryk/Vizsgaremek/BlathyFM/blathyfm_backend/vendor/laravel/framework/src/Illuminate/Database/Connection.php(794): Illuminate/Database/Connection->runQueryCallback('select exists (...', Array, Object(Closure))
#1 C:/Users/susan/Desktop/Repositoryk/Vizsgaremek/BlathyFM/blathyfm_backend/vendor/laravel/framework/src/Illuminate/Database/Connection.php(411): Illuminate/Database/Connection->run('select exists (...', Array, Object(Closure))
#2 C:/Users/susan/Desktop/Repositoryk/Vizsgaremek/BlathyFM/blathyfm_backend/vendor/laravel/framework/src/Illuminate/Database/Connection.php(357): Illuminate/Database/Connection->select('select exists (...', Array, true)
#3 C:/Users/susan/Desktop/Repositoryk/Vizsgaremek/BlathyFM/blathyfm_backend/vendor/laravel/framework/src/Illuminate/Database/Connection.php(374): Illuminate/Database/Connection->selectOne('select exists (...', Array, true)
#4 C:/Users/susan/Desktop/Repositoryk/Vizsgaremek/BlathyFM/blathyfm_backend/vendor/laravel/framework/src/Illuminate/Database/Schema/Builder.php(176): Illuminate/Database/Connection->scalar('select exists (...')
#5 C:/Users/susan/Desktop/Repositoryk/Vizsgaremek/BlathyFM/blathyfm_backend/vendor/laravel/framework/src/Illuminate/Database/Migrations/DatabaseMigrationRepository.php(185): Illuminate/Database/Schema/Builder->hasTable('migrations')
#6 C:/Users/susan/Desktop/Repositoryk/Vizsgaremek/BlathyFM/blathyfm_backend/vendor/laravel/framework/src/Illuminate/Database/Migrations/Migrator.php(758): Illuminate/Database/Migrations/DatabaseMigrationRepository->repositoryExists()
#7 C:/Users/susan/Desktop/Repositoryk/Vizsgaremek/BlathyFM/blathyfm_backend/vendor/laravel/framework/src/Illuminate/Database/Console/Migrations/MigrateCommand.php(164): Illuminate/Database/Migrations/Migrator->repositoryExists()
#8 C:/Users/susan/Desktop/Repositoryk/Vizsgaremek/BlathyFM/blathyfm_backend/vendor/laravel/framework/src/Illuminate/Support/helpers.php(327): Illuminate/Database/Console/Migrations/MigrateCommand->Illuminate/Database/Console/Migrations/{closure}(1)
#9 C:/Users/susan/Desktop/Repositoryk/Vizsgaremek/BlathyFM/blathyfm_backend/vendor/laravel/framework/src/Illuminate/Database/Console/Migrations/MigrateCommand.php(164): retry(1, Object(Closure), 0, Object(Closure))
#10 C:/Users/susan/Desktop/Repositoryk/Vizsgaremek/BlathyFM/blathyfm_backend/vendor/laravel/framework/src/Illuminate/Database/Console/Migrations/MigrateCommand.php(140): Illuminate/Database/Console/Migrations/MigrateCommand->repositoryExists()
#11 C:/Users/susan/Desktop/Repositoryk/Vizsgaremek/BlathyFM/blathyfm_backend/vendor/laravel/framework/src/Illuminate/Database/Console/Migrations/MigrateCommand.php(110): Illuminate/Database/Console/Migrations/MigrateCommand->prepareDatabase()
#12 C:/Users/susan/Desktop/Repositoryk/Vizsgaremek/BlathyFM/blathyfm_backend/vendor/laravel/framework/src/Illuminate/Database/Migrations/Migrator.php(671): Illuminate/Database/Console/Migrations/MigrateCommand->Illuminate/Database/Console/Migrations/{closure}()
#13 C:/Users/susan/Desktop/Repositoryk/Vizsgaremek/BlathyFM/blathyfm_backend/vendor/laravel/framework/src/Illuminate/Database/Console/Migrations/MigrateCommand.php(109): Illuminate/Database/Migrations/Migrator->usingConnection(NULL, Object(Closure))
#14 C:/Users/susan/Desktop/Repositoryk/Vizsgaremek/BlathyFM/blathyfm_backend/vendor/laravel/framework/src/Illuminate/Database/Console/Migrations/MigrateCommand.php(88): Illuminate/Database/Console/Migrations/MigrateCommand->runMigrations()
#15 C:/Users/susan/Desktop/Repositoryk/Vizsgaremek/BlathyFM/blathyfm_backend/vendor/laravel/framework/src/Illuminate/Container/BoundMethod.php(36): Illuminate/Database/Console/Migrations/MigrateCommand->handle()
#16 C:/Users/susan/Desktop/Repositoryk/Vizsgaremek/BlathyFM/blathyfm_backend/vendor/laravel/framework/src/Illuminate/Container/Util.php(43): Illuminate/Container/BoundMethod::Illuminate/Container/{closure}()
#17 C:/Users/susan/Desktop/Repositoryk/Vizsgaremek/BlathyFM/blathyfm_backend/vendor/laravel/framework/src/Illuminate/Container/BoundMethod.php(96): Illuminate/Container/Util::unwrapIfClosure(Object(Closure))
#18 C:/Users/susan/Desktop/Repositoryk/Vizsgaremek/BlathyFM/blathyfm_backend/vendor/laravel/framework/src/Illuminate/Container/BoundMethod.php(35): Illuminate/Container/BoundMethod::callBoundMethod(Object(Illuminate/Foundation/Application), Array, Object(Closure))
#19 C:/Users/susan/Desktop/Repositoryk/Vizsgaremek/BlathyFM/blathyfm_backend/vendor/laravel/framework/src/Illuminate/Container/Container.php(799): Illuminate/Container/BoundMethod::call(Object(Illuminate/Foundation/Application), Array, Array, NULL)
#20 C:/Users/susan/Desktop/Repositoryk/Vizsgaremek/BlathyFM/blathyfm_backend/vendor/laravel/framework/src/Illuminate/Console/Command.php(211): Illuminate/Container/Container->call(Array)
#21 C:/Users/susan/Desktop/Repositoryk/Vizsgaremek/BlathyFM/blathyfm_backend/vendor/symfony/console/Command/Command.php(341): Illuminate/Console/Command->execute(Object(Symfony/Component/Console/Input/ArgvInput), Object(Illuminate/Console/OutputStyle))
#22 C:/Users/susan/Desktop/Repositoryk/Vizsgaremek/BlathyFM/blathyfm_backend/vendor/laravel/framework/src/Illuminate/Console/Command.php(180): Symfony/Component/Console/Command/Command->run(Object(Symfony/Component/Console/Input/ArgvInput), Object(Illuminate/Console/OutputStyle))
#23 C:/Users/susan/Desktop/Repositoryk/Vizsgaremek/BlathyFM/blathyfm_backend/vendor/symfony/console/Application.php(1117): Illuminate/Console/Command->run(Object(Symfony/Component/Console/Input/ArgvInput), Object(Symfony/Component/Console/Output/ConsoleOutput))
#24 C:/Users/susan/Desktop/Repositoryk/Vizsgaremek/BlathyFM/blathyfm_backend/vendor/symfony/console/Application.php(356): Symfony/Component/Console/Application->doRunCommand(Object(Illuminate/Database/Console/Migrations/MigrateCommand), Object(Symfony/Component/Console/Input/ArgvInput), Object(Symfony/Component/Console/Output/ConsoleOutput))
#25 C:/Users/susan/Desktop/Repositoryk/Vizsgaremek/BlathyFM/blathyfm_backend/vendor/symfony/console/Application.php(195): Symfony/Component/Console/Application->doRun(Object(Symfony/Component/Console/Input/ArgvInput), Object(Symfony/Component/Console/Output/ConsoleOutput))
#26 C:/Users/susan/Desktop/Repositoryk/Vizsgaremek/BlathyFM/blathyfm_backend/vendor/laravel/framework/src/Illuminate/Foundation/Console/Kernel.php(198): Symfony/Component/Console/Application->run(Object(Symfony/Component/Console/Input/ArgvInput), Object(Symfony/Component/Console/Output/ConsoleOutput))
#27 C:/Users/susan/Desktop/Repositoryk/Vizsgaremek/BlathyFM/blathyfm_backend/vendor/laravel/framework/src/Illuminate/Foundation/Application.php(1235): Illuminate/Foundation/Console/Kernel->handle(Object(Symfony/Component/Console/Input/ArgvInput), Object(Symfony/Component/Console/Output/ConsoleOutput))
#28 C:/Users/susan/Desktop/Repositoryk/Vizsgaremek/BlathyFM/blathyfm_backend/artisan(16): Illuminate/Foundation/Application->handleCommand(Object(Symfony/Component/Console/Input/ArgvInput))
#29 {main}

[previous exception] [object] (PDOException(code: 2002): SQLSTATE[HY000] [2002] Nem hozható létre kapcsolat, mert a célszámítógép már visszautasította a kapcsolatot at C:/Users/susan/Desktop/Repositoryk/Vizsgaremek/BlathyFM/blathyfm_backend/vendor/laravel/framework/src/Illuminate/Database/Connectors/Connector.php:66)
[stacktrace]
#0 C:/Users/susan/Desktop/Repositoryk/Vizsgaremek/BlathyFM/blathyfm_backend/vendor/laravel/framework/src/Illuminate/Database/Connectors/Connector.php(66): PDO->__construct('mysql:host=127....', 'root', Object(SensitiveParameterValue), Array)
#1 C:/Users/susan/Desktop/Repositoryk/Vizsgaremek/BlathyFM/blathyfm_backend/vendor/laravel/framework/src/Illuminate/Database/Connectors/Connector.php(44): Illuminate/Database/Connectors/Connector->createPdoConnection('mysql:host=127....', 'root', Object(SensitiveParameterValue), Array)
#2 C:/Users/susan/Desktop/Repositoryk/Vizsgaremek/BlathyFM/blathyfm_backend/vendor/laravel/framework/src/Illuminate/Database/Connectors/MySqlConnector.php(24): Illuminate/Database/Connectors/Connector->createConnection('mysql:host=127....', Array, Array)
#3 C:/Users/susan/Desktop/Repositoryk/Vizsgaremek/BlathyFM/blathyfm_backend/vendor/laravel/framework/src/Illuminate/Database/Connectors/ConnectionFactory.php(186): Illuminate/Database/Connectors/MySqlConnector->connect(Array)
#4 [internal function]: Illuminate/Database/Connectors/ConnectionFactory->Illuminate/Database/Connectors/{closure}()
#5 C:/Users/susan/Desktop/Repositoryk/Vizsgaremek/BlathyFM/blathyfm_backend/vendor/laravel/framework/src/Illuminate/Database/Connection.php(1257): call_user_func(Object(Closure))
#6 C:/Users/susan/Desktop/Repositoryk/Vizsgaremek/BlathyFM/blathyfm_backend/vendor/laravel/framework/src/Illuminate/Database/Connection.php(1295): Illuminate/Database/Connection->getPdo()
#7 C:/Users/susan/Desktop/Repositoryk/Vizsgaremek/BlathyFM/blathyfm_backend/vendor/laravel/framework/src/Illuminate/Database/Connection.php(525): Illuminate/Database/Connection->getReadPdo()
#8 C:/Users/susan/Desktop/Repositoryk/Vizsgaremek/BlathyFM/blathyfm_backend/vendor/laravel/framework/src/Illuminate/Database/Connection.php(420): Illuminate/Database/Connection->getPdoForSelect(true)
#9 C:/Users/susan/Desktop/Repositoryk/Vizsgaremek/BlathyFM/blathyfm_backend/vendor/laravel/framework/src/Illuminate/Database/Connection.php(827): Illuminate/Database/Connection->Illuminate/Database/{closure}('select exists (...', Array)
#10 C:/Users/susan/Desktop/Repositoryk/Vizsgaremek/BlathyFM/blathyfm_backend/vendor/laravel/framework/src/Illuminate/Database/Connection.php(794): Illuminate/Database/Connection->runQueryCallback('select exists (...', Array, Object(Closure))
#11 C:/Users/susan/Desktop/Repositoryk/Vizsgaremek/BlathyFM/blathyfm_backend/vendor/laravel/framework/src/Illuminate/Database/Connection.php(411): Illuminate/Database/Connection->run('select exists (...', Array, Object(Closure))
#12 C:/Users/susan/Desktop/Repositoryk/Vizsgaremek/BlathyFM/blathyfm_backend/vendor/laravel/framework/src/Illuminate/Database/Connection.php(357): Illuminate/Database/Connection->select('select exists (...', Array, true)
#13 C:/Users/susan/Desktop/Repositoryk/Vizsgaremek/BlathyFM/blathyfm_backend/vendor/laravel/framework/src/Illuminate/Database/Connection.php(374): Illuminate/Database/Connection->selectOne('select exists (...', Array, true)
#14 C:/Users/susan/Desktop/Repositoryk/Vizsgaremek/BlathyFM/blathyfm_backend/vendor/laravel/framework/src/Illuminate/Database/Schema/Builder.php(176): Illuminate/Database/Connection->scalar('select exists (...')
#15 C:/Users/susan/Desktop/Repositoryk/Vizsgaremek/BlathyFM/blathyfm_backend/vendor/laravel/framework/src/Illuminate/Database/Migrations/DatabaseMigrationRepository.php(185): Illuminate/Database/Schema/Builder->hasTable('migrations')
#16 C:/Users/susan/Desktop/Repositoryk/Vizsgaremek/BlathyFM/blathyfm_backend/vendor/laravel/framework/src/Illuminate/Database/Migrations/Migrator.php(758): Illuminate/Database/Migrations/DatabaseMigrationRepository->repositoryExists()
#17 C:/Users/susan/Desktop/Repositoryk/Vizsgaremek/BlathyFM/blathyfm_backend/vendor/laravel/framework/src/Illuminate/Database/Console/Migrations/MigrateCommand.php(164): Illuminate/Database/Migrations/Migrator->repositoryExists()
#18 C:/Users/susan/Desktop/Repositoryk/Vizsgaremek/BlathyFM/blathyfm_backend/vendor/laravel/framework/src/Illuminate/Support/helpers.php(327): Illuminate/Database/Console/Migrations/MigrateCommand->Illuminate/Database/Console/Migrations/{closure}(1)
#19 C:/Users/susan/Desktop/Repositoryk/Vizsgaremek/BlathyFM/blathyfm_backend/vendor/laravel/framework/src/Illuminate/Database/Console/Migrations/MigrateCommand.php(164): retry(1, Object(Closure), 0, Object(Closure))
#20 C:/Users/susan/Desktop/Repositoryk/Vizsgaremek/BlathyFM/blathyfm_backend/vendor/laravel/framework/src/Illuminate/Database/Console/Migrations/MigrateCommand.php(140): Illuminate/Database/Console/Migrations/MigrateCommand->repositoryExists()
#21 C:/Users/susan/Desktop/Repositoryk/Vizsgaremek/BlathyFM/blathyfm_backend/vendor/laravel/framework/src/Illuminate/Database/Console/Migrations/MigrateCommand.php(110): Illuminate/Database/Console/Migrations/MigrateCommand->prepareDatabase()
#22 C:/Users/susan/Desktop/Repositoryk/Vizsgaremek/BlathyFM/blathyfm_backend/vendor/laravel/framework/src/Illuminate/Database/Migrations/Migrator.php(671): Illuminate/Database/Console/Migrations/MigrateCommand->Illuminate/Database/Console/Migrations/{closure}()
#23 C:/Users/susan/Desktop/Repositoryk/Vizsgaremek/BlathyFM/blathyfm_backend/vendor/laravel/framework/src/Illuminate/Database/Console/Migrations/MigrateCommand.php(109): Illuminate/Database/Migrations/Migrator->usingConnection(NULL, Object(Closure))
#24 C:/Users/susan/Desktop/Repositoryk/Vizsgaremek/BlathyFM/blathyfm_backend/vendor/laravel/framework/src/Illuminate/Database/Console/Migrations/MigrateCommand.php(88): Illuminate/Database/Console/Migrations/MigrateCommand->runMigrations()
#25 C:/Users/susan/Desktop/Repositoryk/Vizsgaremek/BlathyFM/blathyfm_backend/vendor/laravel/framework/src/Illuminate/Container/BoundMethod.php(36): Illuminate/Database/Console/Migrations/MigrateCommand->handle()
#26 C:/Users/susan/Desktop/Repositoryk/Vizsgaremek/BlathyFM/blathyfm_backend/vendor/laravel/framework/src/Illuminate/Container/Util.php(43): Illuminate/Container/BoundMethod::Illuminate/Container/{closure}()
#27 C:/Users/susan/Desktop/Repositoryk/Vizsgaremek/BlathyFM/blathyfm_backend/vendor/laravel/framework/src/Illuminate/Container/BoundMethod.php(96): Illuminate/Container/Util::unwrapIfClosure(Object(Closure))
#28 C:/Users/susan/Desktop/Repositoryk/Vizsgaremek/BlathyFM/blathyfm_backend/vendor/laravel/framework/src/Illuminate/Container/BoundMethod.php(35): Illuminate/Container/BoundMethod::callBoundMethod(Object(Illuminate/Foundation/Application), Array, Object(Closure))
#29 C:/Users/susan/Desktop/Repositoryk/Vizsgaremek/BlathyFM/blathyfm_backend/vendor/laravel/framework/src/Illuminate/Container/Container.php(799): Illuminate/Container/BoundMethod::call(Object(Illuminate/Foundation/Application), Array, Array, NULL)
#30 C:/Users/susan/Desktop/Repositoryk/Vizsgaremek/BlathyFM/blathyfm_backend/vendor/laravel/framework/src/Illuminate/Console/Command.php(211): Illuminate/Container/Container->call(Array)
#31 C:/Users/susan/Desktop/Repositoryk/Vizsgaremek/BlathyFM/blathyfm_backend/vendor/symfony/console/Command/Command.php(341): Illuminate/Console/Command->execute(Object(Symfony/Component/Console/Input/ArgvInput), Object(Illuminate/Console/OutputStyle))
#32 C:/Users/susan/Desktop/Repositoryk/Vizsgaremek/BlathyFM/blathyfm_backend/vendor/laravel/framework/src/Illuminate/Console/Command.php(180): Symfony/Component/Console/Command/Command->run(Object(Symfony/Component/Console/Input/ArgvInput), Object(Illuminate/Console/OutputStyle))
#33 C:/Users/susan/Desktop/Repositoryk/Vizsgaremek/BlathyFM/blathyfm_backend/vendor/symfony/console/Application.php(1117): Illuminate/Console/Command->run(Object(Symfony/Component/Console/Input/ArgvInput), Object(Symfony/Component/Console/Output/ConsoleOutput))
#34 C:/Users/susan/Desktop/Repositoryk/Vizsgaremek/BlathyFM/blathyfm_backend/vendor/symfony/console/Application.php(356): Symfony/Component/Console/Application->doRunCommand(Object(Illuminate/Database/Console/Migrations/MigrateCommand), Object(Symfony/Component/Console/Input/ArgvInput), Object(Symfony/Component/Console/Output/ConsoleOutput))
#35 C:/Users/susan/Desktop/Repositoryk/Vizsgaremek/BlathyFM/blathyfm_backend/vendor/symfony/console/Application.php(195): Symfony/Component/Console/Application->doRun(Object(Symfony/Component/Console/Input/ArgvInput), Object(Symfony/Component/Console/Output/ConsoleOutput))
#36 C:/Users/susan/Desktop/Repositoryk/Vizsgaremek/BlathyFM/blathyfm_backend/vendor/laravel/framework/src/Illuminate/Foundation/Console/Kernel.php(198): Symfony/Component/Console/Application->run(Object(Symfony/Component/Console/Input/ArgvInput), Object(Symfony/Component/Console/Output/ConsoleOutput))
#37 C:/Users/susan/Desktop/Repositoryk/Vizsgaremek/BlathyFM/blathyfm_backend/vendor/laravel/framework/src/Illuminate/Foundation/Application.php(1235): Illuminate/Foundation/Console/Kernel->handle(Object(Symfony/Component/Console/Input/ArgvInput), Object(Symfony/Component/Console/Output/ConsoleOutput))
#38 C:/Users/susan/Desktop/Repositoryk/Vizsgaremek/BlathyFM/blathyfm_backend/artisan(16): Illuminate/Foundation/Application->handleCommand(Object(Symfony/Component/Console/Input/ArgvInput))
#39 {main}
"} 
[2026-03-16 11:31:55] local.ERROR: SQLSTATE[HY000] [2002] Nem hozható létre kapcsolat, mert a célszámítógép már visszautasította a kapcsolatot (Connection: mysql, Host: 127.0.0.1, Port: 3306, Database: blathyfm_backend, SQL: select exists (select 1 from information_schema.tables where table_schema = schema() and table_name = 'migrations' and table_type in ('BASE TABLE', 'SYSTEM VERSIONED')) as `exists`) {"exception":"[object] (Illuminate\\Database\\QueryException(code: 2002): SQLSTATE[HY000] [2002] Nem hozható létre kapcsolat, mert a célszámítógép már visszautasította a kapcsolatot (Connection: mysql, Host: 127.0.0.1, Port: 3306, Database: blathyfm_backend, SQL: select exists (select 1 from information_schema.tables where table_schema = schema() and table_name = 'migrations' and table_type in ('BASE TABLE', 'SYSTEM VERSIONED')) as `exists`) at C:/Users/susan/Desktop/Repositoryk/Vizsgaremek/BlathyFM/blathyfm_backend/vendor/laravel/framework/src/Illuminate/Database/Connection.php:838)
[stacktrace]
#0 C:/Users/susan/Desktop/Repositoryk/Vizsgaremek/BlathyFM/blathyfm_backend/vendor/laravel/framework/src/Illuminate/Database/Connection.php(794): Illuminate/Database/Connection->runQueryCallback('select exists (...', Array, Object(Closure))
#1 C:/Users/susan/Desktop/Repositoryk/Vizsgaremek/BlathyFM/blathyfm_backend/vendor/laravel/framework/src/Illuminate/Database/Connection.php(411): Illuminate/Database/Connection->run('select exists (...', Array, Object(Closure))
#2 C:/Users/susan/Desktop/Repositoryk/Vizsgaremek/BlathyFM/blathyfm_backend/vendor/laravel/framework/src/Illuminate/Database/Connection.php(357): Illuminate/Database/Connection->select('select exists (...', Array, true)
#3 C:/Users/susan/Desktop/Repositoryk/Vizsgaremek/BlathyFM/blathyfm_backend/vendor/laravel/framework/src/Illuminate/Database/Connection.php(374): Illuminate/Database/Connection->selectOne('select exists (...', Array, true)
#4 C:/Users/susan/Desktop/Repositoryk/Vizsgaremek/BlathyFM/blathyfm_backend/vendor/laravel/framework/src/Illuminate/Database/Schema/Builder.php(176): Illuminate/Database/Connection->scalar('select exists (...')
#5 C:/Users/susan/Desktop/Repositoryk/Vizsgaremek/BlathyFM/blathyfm_backend/vendor/laravel/framework/src/Illuminate/Database/Migrations/DatabaseMigrationRepository.php(185): Illuminate/Database/Schema/Builder->hasTable('migrations')
#6 C:/Users/susan/Desktop/Repositoryk/Vizsgaremek/BlathyFM/blathyfm_backend/vendor/laravel/framework/src/Illuminate/Database/Migrations/Migrator.php(758): Illuminate/Database/Migrations/DatabaseMigrationRepository->repositoryExists()
#7 C:/Users/susan/Desktop/Repositoryk/Vizsgaremek/BlathyFM/blathyfm_backend/vendor/laravel/framework/src/Illuminate/Database/Console/Migrations/MigrateCommand.php(164): Illuminate/Database/Migrations/Migrator->repositoryExists()
#8 C:/Users/susan/Desktop/Repositoryk/Vizsgaremek/BlathyFM/blathyfm_backend/vendor/laravel/framework/src/Illuminate/Support/helpers.php(327): Illuminate/Database/Console/Migrations/MigrateCommand->Illuminate/Database/Console/Migrations/{closure}(1)
#9 C:/Users/susan/Desktop/Repositoryk/Vizsgaremek/BlathyFM/blathyfm_backend/vendor/laravel/framework/src/Illuminate/Database/Console/Migrations/MigrateCommand.php(164): retry(1, Object(Closure), 0, Object(Closure))
#10 C:/Users/susan/Desktop/Repositoryk/Vizsgaremek/BlathyFM/blathyfm_backend/vendor/laravel/framework/src/Illuminate/Database/Console/Migrations/MigrateCommand.php(140): Illuminate/Database/Console/Migrations/MigrateCommand->repositoryExists()
#11 C:/Users/susan/Desktop/Repositoryk/Vizsgaremek/BlathyFM/blathyfm_backend/vendor/laravel/framework/src/Illuminate/Database/Console/Migrations/MigrateCommand.php(110): Illuminate/Database/Console/Migrations/MigrateCommand->prepareDatabase()
#12 C:/Users/susan/Desktop/Repositoryk/Vizsgaremek/BlathyFM/blathyfm_backend/vendor/laravel/framework/src/Illuminate/Database/Migrations/Migrator.php(671): Illuminate/Database/Console/Migrations/MigrateCommand->Illuminate/Database/Console/Migrations/{closure}()
#13 C:/Users/susan/Desktop/Repositoryk/Vizsgaremek/BlathyFM/blathyfm_backend/vendor/laravel/framework/src/Illuminate/Database/Console/Migrations/MigrateCommand.php(109): Illuminate/Database/Migrations/Migrator->usingConnection(NULL, Object(Closure))
#14 C:/Users/susan/Desktop/Repositoryk/Vizsgaremek/BlathyFM/blathyfm_backend/vendor/laravel/framework/src/Illuminate/Database/Console/Migrations/MigrateCommand.php(88): Illuminate/Database/Console/Migrations/MigrateCommand->runMigrations()
#15 C:/Users/susan/Desktop/Repositoryk/Vizsgaremek/BlathyFM/blathyfm_backend/vendor/laravel/framework/src/Illuminate/Container/BoundMethod.php(36): Illuminate/Database/Console/Migrations/MigrateCommand->handle()
#16 C:/Users/susan/Desktop/Repositoryk/Vizsgaremek/BlathyFM/blathyfm_backend/vendor/laravel/framework/src/Illuminate/Container/Util.php(43): Illuminate/Container/BoundMethod::Illuminate/Container/{closure}()
#17 C:/Users/susan/Desktop/Repositoryk/Vizsgaremek/BlathyFM/blathyfm_backend/vendor/laravel/framework/src/Illuminate/Container/BoundMethod.php(96): Illuminate/Container/Util::unwrapIfClosure(Object(Closure))
#18 C:/Users/susan/Desktop/Repositoryk/Vizsgaremek/BlathyFM/blathyfm_backend/vendor/laravel/framework/src/Illuminate/Container/BoundMethod.php(35): Illuminate/Container/BoundMethod::callBoundMethod(Object(Illuminate/Foundation/Application), Array, Object(Closure))
#19 C:/Users/susan/Desktop/Repositoryk/Vizsgaremek/BlathyFM/blathyfm_backend/vendor/laravel/framework/src/Illuminate/Container/Container.php(799): Illuminate/Container/BoundMethod::call(Object(Illuminate/Foundation/Application), Array, Array, NULL)
#20 C:/Users/susan/Desktop/Repositoryk/Vizsgaremek/BlathyFM/blathyfm_backend/vendor/laravel/framework/src/Illuminate/Console/Command.php(211): Illuminate/Container/Container->call(Array)
#21 C:/Users/susan/Desktop/Repositoryk/Vizsgaremek/BlathyFM/blathyfm_backend/vendor/symfony/console/Command/Command.php(341): Illuminate/Console/Command->execute(Object(Symfony/Component/Console/Input/ArgvInput), Object(Illuminate/Console/OutputStyle))
#22 C:/Users/susan/Desktop/Repositoryk/Vizsgaremek/BlathyFM/blathyfm_backend/vendor/laravel/framework/src/Illuminate/Console/Command.php(180): Symfony/Component/Console/Command/Command->run(Object(Symfony/Component/Console/Input/ArgvInput), Object(Illuminate/Console/OutputStyle))
#23 C:/Users/susan/Desktop/Repositoryk/Vizsgaremek/BlathyFM/blathyfm_backend/vendor/symfony/console/Application.php(1117): Illuminate/Console/Command->run(Object(Symfony/Component/Console/Input/ArgvInput), Object(Symfony/Component/Console/Output/ConsoleOutput))
#24 C:/Users/susan/Desktop/Repositoryk/Vizsgaremek/BlathyFM/blathyfm_backend/vendor/symfony/console/Application.php(356): Symfony/Component/Console/Application->doRunCommand(Object(Illuminate/Database/Console/Migrations/MigrateCommand), Object(Symfony/Component/Console/Input/ArgvInput), Object(Symfony/Component/Console/Output/ConsoleOutput))
#25 C:/Users/susan/Desktop/Repositoryk/Vizsgaremek/BlathyFM/blathyfm_backend/vendor/symfony/console/Application.php(195): Symfony/Component/Console/Application->doRun(Object(Symfony/Component/Console/Input/ArgvInput), Object(Symfony/Component/Console/Output/ConsoleOutput))
#26 C:/Users/susan/Desktop/Repositoryk/Vizsgaremek/BlathyFM/blathyfm_backend/vendor/laravel/framework/src/Illuminate/Foundation/Console/Kernel.php(198): Symfony/Component/Console/Application->run(Object(Symfony/Component/Console/Input/ArgvInput), Object(Symfony/Component/Console/Output/ConsoleOutput))
#27 C:/Users/susan/Desktop/Repositoryk/Vizsgaremek/BlathyFM/blathyfm_backend/vendor/laravel/framework/src/Illuminate/Foundation/Application.php(1235): Illuminate/Foundation/Console/Kernel->handle(Object(Symfony/Component/Console/Input/ArgvInput), Object(Symfony/Component/Console/Output/ConsoleOutput))
#28 C:/Users/susan/Desktop/Repositoryk/Vizsgaremek/BlathyFM/blathyfm_backend/artisan(16): Illuminate/Foundation/Application->handleCommand(Object(Symfony/Component/Console/Input/ArgvInput))
#29 {main}

[previous exception] [object] (PDOException(code: 2002): SQLSTATE[HY000] [2002] Nem hozható létre kapcsolat, mert a célszámítógép már visszautasította a kapcsolatot at C:/Users/susan/Desktop/Repositoryk/Vizsgaremek/BlathyFM/blathyfm_backend/vendor/laravel/framework/src/Illuminate/Database/Connectors/Connector.php:66)
[stacktrace]
#0 C:/Users/susan/Desktop/Repositoryk/Vizsgaremek/BlathyFM/blathyfm_backend/vendor/laravel/framework/src/Illuminate/Database/Connectors/Connector.php(66): PDO->__construct('mysql:host=127....', 'root', Object(SensitiveParameterValue), Array)
#1 C:/Users/susan/Desktop/Repositoryk/Vizsgaremek/BlathyFM/blathyfm_backend/vendor/laravel/framework/src/Illuminate/Database/Connectors/Connector.php(44): Illuminate/Database/Connectors/Connector->createPdoConnection('mysql:host=127....', 'root', Object(SensitiveParameterValue), Array)
#2 C:/Users/susan/Desktop/Repositoryk/Vizsgaremek/BlathyFM/blathyfm_backend/vendor/laravel/framework/src/Illuminate/Database/Connectors/MySqlConnector.php(24): Illuminate/Database/Connectors/Connector->createConnection('mysql:host=127....', Array, Array)
#3 C:/Users/susan/Desktop/Repositoryk/Vizsgaremek/BlathyFM/blathyfm_backend/vendor/laravel/framework/src/Illuminate/Database/Connectors/ConnectionFactory.php(186): Illuminate/Database/Connectors/MySqlConnector->connect(Array)
#4 [internal function]: Illuminate/Database/Connectors/ConnectionFactory->Illuminate/Database/Connectors/{closure}()
#5 C:/Users/susan/Desktop/Repositoryk/Vizsgaremek/BlathyFM/blathyfm_backend/vendor/laravel/framework/src/Illuminate/Database/Connection.php(1257): call_user_func(Object(Closure))
#6 C:/Users/susan/Desktop/Repositoryk/Vizsgaremek/BlathyFM/blathyfm_backend/vendor/laravel/framework/src/Illuminate/Database/Connection.php(1295): Illuminate/Database/Connection->getPdo()
#7 C:/Users/susan/Desktop/Repositoryk/Vizsgaremek/BlathyFM/blathyfm_backend/vendor/laravel/framework/src/Illuminate/Database/Connection.php(525): Illuminate/Database/Connection->getReadPdo()
#8 C:/Users/susan/Desktop/Repositoryk/Vizsgaremek/BlathyFM/blathyfm_backend/vendor/laravel/framework/src/Illuminate/Database/Connection.php(420): Illuminate/Database/Connection->getPdoForSelect(true)
#9 C:/Users/susan/Desktop/Repositoryk/Vizsgaremek/BlathyFM/blathyfm_backend/vendor/laravel/framework/src/Illuminate/Database/Connection.php(827): Illuminate/Database/Connection->Illuminate/Database/{closure}('select exists (...', Array)
#10 C:/Users/susan/Desktop/Repositoryk/Vizsgaremek/BlathyFM/blathyfm_backend/vendor/laravel/framework/src/Illuminate/Database/Connection.php(794): Illuminate/Database/Connection->runQueryCallback('select exists (...', Array, Object(Closure))
#11 C:/Users/susan/Desktop/Repositoryk/Vizsgaremek/BlathyFM/blathyfm_backend/vendor/laravel/framework/src/Illuminate/Database/Connection.php(411): Illuminate/Database/Connection->run('select exists (...', Array, Object(Closure))
#12 C:/Users/susan/Desktop/Repositoryk/Vizsgaremek/BlathyFM/blathyfm_backend/vendor/laravel/framework/src/Illuminate/Database/Connection.php(357): Illuminate/Database/Connection->select('select exists (...', Array, true)
#13 C:/Users/susan/Desktop/Repositoryk/Vizsgaremek/BlathyFM/blathyfm_backend/vendor/laravel/framework/src/Illuminate/Database/Connection.php(374): Illuminate/Database/Connection->selectOne('select exists (...', Array, true)
#14 C:/Users/susan/Desktop/Repositoryk/Vizsgaremek/BlathyFM/blathyfm_backend/vendor/laravel/framework/src/Illuminate/Database/Schema/Builder.php(176): Illuminate/Database/Connection->scalar('select exists (...')
#15 C:/Users/susan/Desktop/Repositoryk/Vizsgaremek/BlathyFM/blathyfm_backend/vendor/laravel/framework/src/Illuminate/Database/Migrations/DatabaseMigrationRepository.php(185): Illuminate/Database/Schema/Builder->hasTable('migrations')
#16 C:/Users/susan/Desktop/Repositoryk/Vizsgaremek/BlathyFM/blathyfm_backend/vendor/laravel/framework/src/Illuminate/Database/Migrations/Migrator.php(758): Illuminate/Database/Migrations/DatabaseMigrationRepository->repositoryExists()
#17 C:/Users/susan/Desktop/Repositoryk/Vizsgaremek/BlathyFM/blathyfm_backend/vendor/laravel/framework/src/Illuminate/Database/Console/Migrations/MigrateCommand.php(164): Illuminate/Database/Migrations/Migrator->repositoryExists()
#18 C:/Users/susan/Desktop/Repositoryk/Vizsgaremek/BlathyFM/blathyfm_backend/vendor/laravel/framework/src/Illuminate/Support/helpers.php(327): Illuminate/Database/Console/Migrations/MigrateCommand->Illuminate/Database/Console/Migrations/{closure}(1)
#19 C:/Users/susan/Desktop/Repositoryk/Vizsgaremek/BlathyFM/blathyfm_backend/vendor/laravel/framework/src/Illuminate/Database/Console/Migrations/MigrateCommand.php(164): retry(1, Object(Closure), 0, Object(Closure))
#20 C:/Users/susan/Desktop/Repositoryk/Vizsgaremek/BlathyFM/blathyfm_backend/vendor/laravel/framework/src/Illuminate/Database/Console/Migrations/MigrateCommand.php(140): Illuminate/Database/Console/Migrations/MigrateCommand->repositoryExists()
#21 C:/Users/susan/Desktop/Repositoryk/Vizsgaremek/BlathyFM/blathyfm_backend/vendor/laravel/framework/src/Illuminate/Database/Console/Migrations/MigrateCommand.php(110): Illuminate/Database/Console/Migrations/MigrateCommand->prepareDatabase()
#22 C:/Users/susan/Desktop/Repositoryk/Vizsgaremek/BlathyFM/blathyfm_backend/vendor/laravel/framework/src/Illuminate/Database/Migrations/Migrator.php(671): Illuminate/Database/Console/Migrations/MigrateCommand->Illuminate/Database/Console/Migrations/{closure}()
#23 C:/Users/susan/Desktop/Repositoryk/Vizsgaremek/BlathyFM/blathyfm_backend/vendor/laravel/framework/src/Illuminate/Database/Console/Migrations/MigrateCommand.php(109): Illuminate/Database/Migrations/Migrator->usingConnection(NULL, Object(Closure))
#24 C:/Users/susan/Desktop/Repositoryk/Vizsgaremek/BlathyFM/blathyfm_backend/vendor/laravel/framework/src/Illuminate/Database/Console/Migrations/MigrateCommand.php(88): Illuminate/Database/Console/Migrations/MigrateCommand->runMigrations()
#25 C:/Users/susan/Desktop/Repositoryk/Vizsgaremek/BlathyFM/blathyfm_backend/vendor/laravel/framework/src/Illuminate/Container/BoundMethod.php(36): Illuminate/Database/Console/Migrations/MigrateCommand->handle()
#26 C:/Users/susan/Desktop/Repositoryk/Vizsgaremek/BlathyFM/blathyfm_backend/vendor/laravel/framework/src/Illuminate/Container/Util.php(43): Illuminate/Container/BoundMethod::Illuminate/Container/{closure}()
#27 C:/Users/susan/Desktop/Repositoryk/Vizsgaremek/BlathyFM/blathyfm_backend/vendor/laravel/framework/src/Illuminate/Container/BoundMethod.php(96): Illuminate/Container/Util::unwrapIfClosure(Object(Closure))
#28 C:/Users/susan/Desktop/Repositoryk/Vizsgaremek/BlathyFM/blathyfm_backend/vendor/laravel/framework/src/Illuminate/Container/BoundMethod.php(35): Illuminate/Container/BoundMethod::callBoundMethod(Object(Illuminate/Foundation/Application), Array, Object(Closure))
#29 C:/Users/susan/Desktop/Repositoryk/Vizsgaremek/BlathyFM/blathyfm_backend/vendor/laravel/framework/src/Illuminate/Container/Container.php(799): Illuminate/Container/BoundMethod::call(Object(Illuminate/Foundation/Application), Array, Array, NULL)
#30 C:/Users/susan/Desktop/Repositoryk/Vizsgaremek/BlathyFM/blathyfm_backend/vendor/laravel/framework/src/Illuminate/Console/Command.php(211): Illuminate/Container/Container->call(Array)
#31 C:/Users/susan/Desktop/Repositoryk/Vizsgaremek/BlathyFM/blathyfm_backend/vendor/symfony/console/Command/Command.php(341): Illuminate/Console/Command->execute(Object(Symfony/Component/Console/Input/ArgvInput), Object(Illuminate/Console/OutputStyle))
#32 C:/Users/susan/Desktop/Repositoryk/Vizsgaremek/BlathyFM/blathyfm_backend/vendor/laravel/framework/src/Illuminate/Console/Command.php(180): Symfony/Component/Console/Command/Command->run(Object(Symfony/Component/Console/Input/ArgvInput), Object(Illuminate/Console/OutputStyle))
#33 C:/Users/susan/Desktop/Repositoryk/Vizsgaremek/BlathyFM/blathyfm_backend/vendor/symfony/console/Application.php(1117): Illuminate/Console/Command->run(Object(Symfony/Component/Console/Input/ArgvInput), Object(Symfony/Component/Console/Output/ConsoleOutput))
#34 C:/Users/susan/Desktop/Repositoryk/Vizsgaremek/BlathyFM/blathyfm_backend/vendor/symfony/console/Application.php(356): Symfony/Component/Console/Application->doRunCommand(Object(Illuminate/Database/Console/Migrations/MigrateCommand), Object(Symfony/Component/Console/Input/ArgvInput), Object(Symfony/Component/Console/Output/ConsoleOutput))
#35 C:/Users/susan/Desktop/Repositoryk/Vizsgaremek/BlathyFM/blathyfm_backend/vendor/symfony/console/Application.php(195): Symfony/Component/Console/Application->doRun(Object(Symfony/Component/Console/Input/ArgvInput), Object(Symfony/Component/Console/Output/ConsoleOutput))
#36 C:/Users/susan/Desktop/Repositoryk/Vizsgaremek/BlathyFM/blathyfm_backend/vendor/laravel/framework/src/Illuminate/Foundation/Console/Kernel.php(198): Symfony/Component/Console/Application->run(Object(Symfony/Component/Console/Input/ArgvInput), Object(Symfony/Component/Console/Output/ConsoleOutput))
#37 C:/Users/susan/Desktop/Repositoryk/Vizsgaremek/BlathyFM/blathyfm_backend/vendor/laravel/framework/src/Illuminate/Foundation/Application.php(1235): Illuminate/Foundation/Console/Kernel->handle(Object(Symfony/Component/Console/Input/ArgvInput), Object(Symfony/Component/Console/Output/ConsoleOutput))
#38 C:/Users/susan/Desktop/Repositoryk/Vizsgaremek/BlathyFM/blathyfm_backend/artisan(16): Illuminate/Foundation/Application->handleCommand(Object(Symfony/Component/Console/Input/ArgvInput))
#39 {main}
"} 
[2026-03-16 11:32:12] local.ERROR: SQLSTATE[HY000] [2002] Nem hozható létre kapcsolat, mert a célszámítógép már visszautasította a kapcsolatot (Connection: mysql, Host: 127.0.0.1, Port: 3306, Database: blathyfm_backend, SQL: select exists (select 1 from information_schema.tables where table_schema = schema() and table_name = 'migrations' and table_type in ('BASE TABLE', 'SYSTEM VERSIONED')) as `exists`) {"exception":"[object] (Illuminate\\Database\\QueryException(code: 2002): SQLSTATE[HY000] [2002] Nem hozható létre kapcsolat, mert a célszámítógép már visszautasította a kapcsolatot (Connection: mysql, Host: 127.0.0.1, Port: 3306, Database: blathyfm_backend, SQL: select exists (select 1 from information_schema.tables where table_schema = schema() and table_name = 'migrations' and table_type in ('BASE TABLE', 'SYSTEM VERSIONED')) as `exists`) at C:/Users/susan/Desktop/Repositoryk/Vizsgaremek/BlathyFM/blathyfm_backend/vendor/laravel/framework/src/Illuminate/Database/Connection.php:838)
[stacktrace]
#0 C:/Users/susan/Desktop/Repositoryk/Vizsgaremek/BlathyFM/blathyfm_backend/vendor/laravel/framework/src/Illuminate/Database/Connection.php(794): Illuminate/Database/Connection->runQueryCallback('select exists (...', Array, Object(Closure))
#1 C:/Users/susan/Desktop/Repositoryk/Vizsgaremek/BlathyFM/blathyfm_backend/vendor/laravel/framework/src/Illuminate/Database/Connection.php(411): Illuminate/Database/Connection->run('select exists (...', Array, Object(Closure))
#2 C:/Users/susan/Desktop/Repositoryk/Vizsgaremek/BlathyFM/blathyfm_backend/vendor/laravel/framework/src/Illuminate/Database/Connection.php(357): Illuminate/Database/Connection->select('select exists (...', Array, true)
#3 C:/Users/susan/Desktop/Repositoryk/Vizsgaremek/BlathyFM/blathyfm_backend/vendor/laravel/framework/src/Illuminate/Database/Connection.php(374): Illuminate/Database/Connection->selectOne('select exists (...', Array, true)
#4 C:/Users/susan/Desktop/Repositoryk/Vizsgaremek/BlathyFM/blathyfm_backend/vendor/laravel/framework/src/Illuminate/Database/Schema/Builder.php(176): Illuminate/Database/Connection->scalar('select exists (...')
#5 C:/Users/susan/Desktop/Repositoryk/Vizsgaremek/BlathyFM/blathyfm_backend/vendor/laravel/framework/src/Illuminate/Database/Migrations/DatabaseMigrationRepository.php(185): Illuminate/Database/Schema/Builder->hasTable('migrations')
#6 C:/Users/susan/Desktop/Repositoryk/Vizsgaremek/BlathyFM/blathyfm_backend/vendor/laravel/framework/src/Illuminate/Database/Migrations/Migrator.php(758): Illuminate/Database/Migrations/DatabaseMigrationRepository->repositoryExists()
#7 C:/Users/susan/Desktop/Repositoryk/Vizsgaremek/BlathyFM/blathyfm_backend/vendor/laravel/framework/src/Illuminate/Database/Console/Migrations/MigrateCommand.php(164): Illuminate/Database/Migrations/Migrator->repositoryExists()
#8 C:/Users/susan/Desktop/Repositoryk/Vizsgaremek/BlathyFM/blathyfm_backend/vendor/laravel/framework/src/Illuminate/Support/helpers.php(327): Illuminate/Database/Console/Migrations/MigrateCommand->Illuminate/Database/Console/Migrations/{closure}(1)
#9 C:/Users/susan/Desktop/Repositoryk/Vizsgaremek/BlathyFM/blathyfm_backend/vendor/laravel/framework/src/Illuminate/Database/Console/Migrations/MigrateCommand.php(164): retry(1, Object(Closure), 0, Object(Closure))
#10 C:/Users/susan/Desktop/Repositoryk/Vizsgaremek/BlathyFM/blathyfm_backend/vendor/laravel/framework/src/Illuminate/Database/Console/Migrations/MigrateCommand.php(140): Illuminate/Database/Console/Migrations/MigrateCommand->repositoryExists()
#11 C:/Users/susan/Desktop/Repositoryk/Vizsgaremek/BlathyFM/blathyfm_backend/vendor/laravel/framework/src/Illuminate/Database/Console/Migrations/MigrateCommand.php(110): Illuminate/Database/Console/Migrations/MigrateCommand->prepareDatabase()
#12 C:/Users/susan/Desktop/Repositoryk/Vizsgaremek/BlathyFM/blathyfm_backend/vendor/laravel/framework/src/Illuminate/Database/Migrations/Migrator.php(671): Illuminate/Database/Console/Migrations/MigrateCommand->Illuminate/Database/Console/Migrations/{closure}()
#13 C:/Users/susan/Desktop/Repositoryk/Vizsgaremek/BlathyFM/blathyfm_backend/vendor/laravel/framework/src/Illuminate/Database/Console/Migrations/MigrateCommand.php(109): Illuminate/Database/Migrations/Migrator->usingConnection(NULL, Object(Closure))
#14 C:/Users/susan/Desktop/Repositoryk/Vizsgaremek/BlathyFM/blathyfm_backend/vendor/laravel/framework/src/Illuminate/Database/Console/Migrations/MigrateCommand.php(88): Illuminate/Database/Console/Migrations/MigrateCommand->runMigrations()
#15 C:/Users/susan/Desktop/Repositoryk/Vizsgaremek/BlathyFM/blathyfm_backend/vendor/laravel/framework/src/Illuminate/Container/BoundMethod.php(36): Illuminate/Database/Console/Migrations/MigrateCommand->handle()
#16 C:/Users/susan/Desktop/Repositoryk/Vizsgaremek/BlathyFM/blathyfm_backend/vendor/laravel/framework/src/Illuminate/Container/Util.php(43): Illuminate/Container/BoundMethod::Illuminate/Container/{closure}()
#17 C:/Users/susan/Desktop/Repositoryk/Vizsgaremek/BlathyFM/blathyfm_backend/vendor/laravel/framework/src/Illuminate/Container/BoundMethod.php(96): Illuminate/Container/Util::unwrapIfClosure(Object(Closure))
#18 C:/Users/susan/Desktop/Repositoryk/Vizsgaremek/BlathyFM/blathyfm_backend/vendor/laravel/framework/src/Illuminate/Container/BoundMethod.php(35): Illuminate/Container/BoundMethod::callBoundMethod(Object(Illuminate/Foundation/Application), Array, Object(Closure))
#19 C:/Users/susan/Desktop/Repositoryk/Vizsgaremek/BlathyFM/blathyfm_backend/vendor/laravel/framework/src/Illuminate/Container/Container.php(799): Illuminate/Container/BoundMethod::call(Object(Illuminate/Foundation/Application), Array, Array, NULL)
#20 C:/Users/susan/Desktop/Repositoryk/Vizsgaremek/BlathyFM/blathyfm_backend/vendor/laravel/framework/src/Illuminate/Console/Command.php(211): Illuminate/Container/Container->call(Array)
#21 C:/Users/susan/Desktop/Repositoryk/Vizsgaremek/BlathyFM/blathyfm_backend/vendor/symfony/console/Command/Command.php(341): Illuminate/Console/Command->execute(Object(Symfony/Component/Console/Input/ArgvInput), Object(Illuminate/Console/OutputStyle))
#22 C:/Users/susan/Desktop/Repositoryk/Vizsgaremek/BlathyFM/blathyfm_backend/vendor/laravel/framework/src/Illuminate/Console/Command.php(180): Symfony/Component/Console/Command/Command->run(Object(Symfony/Component/Console/Input/ArgvInput), Object(Illuminate/Console/OutputStyle))
#23 C:/Users/susan/Desktop/Repositoryk/Vizsgaremek/BlathyFM/blathyfm_backend/vendor/symfony/console/Application.php(1117): Illuminate/Console/Command->run(Object(Symfony/Component/Console/Input/ArgvInput), Object(Symfony/Component/Console/Output/ConsoleOutput))
#24 C:/Users/susan/Desktop/Repositoryk/Vizsgaremek/BlathyFM/blathyfm_backend/vendor/symfony/console/Application.php(356): Symfony/Component/Console/Application->doRunCommand(Object(Illuminate/Database/Console/Migrations/MigrateCommand), Object(Symfony/Component/Console/Input/ArgvInput), Object(Symfony/Component/Console/Output/ConsoleOutput))
#25 C:/Users/susan/Desktop/Repositoryk/Vizsgaremek/BlathyFM/blathyfm_backend/vendor/symfony/console/Application.php(195): Symfony/Component/Console/Application->doRun(Object(Symfony/Component/Console/Input/ArgvInput), Object(Symfony/Component/Console/Output/ConsoleOutput))
#26 C:/Users/susan/Desktop/Repositoryk/Vizsgaremek/BlathyFM/blathyfm_backend/vendor/laravel/framework/src/Illuminate/Foundation/Console/Kernel.php(198): Symfony/Component/Console/Application->run(Object(Symfony/Component/Console/Input/ArgvInput), Object(Symfony/Component/Console/Output/ConsoleOutput))
#27 C:/Users/susan/Desktop/Repositoryk/Vizsgaremek/BlathyFM/blathyfm_backend/vendor/laravel/framework/src/Illuminate/Foundation/Application.php(1235): Illuminate/Foundation/Console/Kernel->handle(Object(Symfony/Component/Console/Input/ArgvInput), Object(Symfony/Component/Console/Output/ConsoleOutput))
#28 C:/Users/susan/Desktop/Repositoryk/Vizsgaremek/BlathyFM/blathyfm_backend/artisan(16): Illuminate/Foundation/Application->handleCommand(Object(Symfony/Component/Console/Input/ArgvInput))
#29 {main}

[previous exception] [object] (PDOException(code: 2002): SQLSTATE[HY000] [2002] Nem hozható létre kapcsolat, mert a célszámítógép már visszautasította a kapcsolatot at C:/Users/susan/Desktop/Repositoryk/Vizsgaremek/BlathyFM/blathyfm_backend/vendor/laravel/framework/src/Illuminate/Database/Connectors/Connector.php:66)
[stacktrace]
#0 C:/Users/susan/Desktop/Repositoryk/Vizsgaremek/BlathyFM/blathyfm_backend/vendor/laravel/framework/src/Illuminate/Database/Connectors/Connector.php(66): PDO->__construct('mysql:host=127....', 'root', Object(SensitiveParameterValue), Array)
#1 C:/Users/susan/Desktop/Repositoryk/Vizsgaremek/BlathyFM/blathyfm_backend/vendor/laravel/framework/src/Illuminate/Database/Connectors/Connector.php(44): Illuminate/Database/Connectors/Connector->createPdoConnection('mysql:host=127....', 'root', Object(SensitiveParameterValue), Array)
#2 C:/Users/susan/Desktop/Repositoryk/Vizsgaremek/BlathyFM/blathyfm_backend/vendor/laravel/framework/src/Illuminate/Database/Connectors/MySqlConnector.php(24): Illuminate/Database/Connectors/Connector->createConnection('mysql:host=127....', Array, Array)
#3 C:/Users/susan/Desktop/Repositoryk/Vizsgaremek/BlathyFM/blathyfm_backend/vendor/laravel/framework/src/Illuminate/Database/Connectors/ConnectionFactory.php(186): Illuminate/Database/Connectors/MySqlConnector->connect(Array)
#4 [internal function]: Illuminate/Database/Connectors/ConnectionFactory->Illuminate/Database/Connectors/{closure}()
#5 C:/Users/susan/Desktop/Repositoryk/Vizsgaremek/BlathyFM/blathyfm_backend/vendor/laravel/framework/src/Illuminate/Database/Connection.php(1257): call_user_func(Object(Closure))
#6 C:/Users/susan/Desktop/Repositoryk/Vizsgaremek/BlathyFM/blathyfm_backend/vendor/laravel/framework/src/Illuminate/Database/Connection.php(1295): Illuminate/Database/Connection->getPdo()
#7 C:/Users/susan/Desktop/Repositoryk/Vizsgaremek/BlathyFM/blathyfm_backend/vendor/laravel/framework/src/Illuminate/Database/Connection.php(525): Illuminate/Database/Connection->getReadPdo()
#8 C:/Users/susan/Desktop/Repositoryk/Vizsgaremek/BlathyFM/blathyfm_backend/vendor/laravel/framework/src/Illuminate/Database/Connection.php(420): Illuminate/Database/Connection->getPdoForSelect(true)
#9 C:/Users/susan/Desktop/Repositoryk/Vizsgaremek/BlathyFM/blathyfm_backend/vendor/laravel/framework/src/Illuminate/Database/Connection.php(827): Illuminate/Database/Connection->Illuminate/Database/{closure}('select exists (...', Array)
#10 C:/Users/susan/Desktop/Repositoryk/Vizsgaremek/BlathyFM/blathyfm_backend/vendor/laravel/framework/src/Illuminate/Database/Connection.php(794): Illuminate/Database/Connection->runQueryCallback('select exists (...', Array, Object(Closure))
#11 C:/Users/susan/Desktop/Repositoryk/Vizsgaremek/BlathyFM/blathyfm_backend/vendor/laravel/framework/src/Illuminate/Database/Connection.php(411): Illuminate/Database/Connection->run('select exists (...', Array, Object(Closure))
#12 C:/Users/susan/Desktop/Repositoryk/Vizsgaremek/BlathyFM/blathyfm_backend/vendor/laravel/framework/src/Illuminate/Database/Connection.php(357): Illuminate/Database/Connection->select('select exists (...', Array, true)
#13 C:/Users/susan/Desktop/Repositoryk/Vizsgaremek/BlathyFM/blathyfm_backend/vendor/laravel/framework/src/Illuminate/Database/Connection.php(374): Illuminate/Database/Connection->selectOne('select exists (...', Array, true)
#14 C:/Users/susan/Desktop/Repositoryk/Vizsgaremek/BlathyFM/blathyfm_backend/vendor/laravel/framework/src/Illuminate/Database/Schema/Builder.php(176): Illuminate/Database/Connection->scalar('select exists (...')
#15 C:/Users/susan/Desktop/Repositoryk/Vizsgaremek/BlathyFM/blathyfm_backend/vendor/laravel/framework/src/Illuminate/Database/Migrations/DatabaseMigrationRepository.php(185): Illuminate/Database/Schema/Builder->hasTable('migrations')
#16 C:/Users/susan/Desktop/Repositoryk/Vizsgaremek/BlathyFM/blathyfm_backend/vendor/laravel/framework/src/Illuminate/Database/Migrations/Migrator.php(758): Illuminate/Database/Migrations/DatabaseMigrationRepository->repositoryExists()
#17 C:/Users/susan/Desktop/Repositoryk/Vizsgaremek/BlathyFM/blathyfm_backend/vendor/laravel/framework/src/Illuminate/Database/Console/Migrations/MigrateCommand.php(164): Illuminate/Database/Migrations/Migrator->repositoryExists()
#18 C:/Users/susan/Desktop/Repositoryk/Vizsgaremek/BlathyFM/blathyfm_backend/vendor/laravel/framework/src/Illuminate/Support/helpers.php(327): Illuminate/Database/Console/Migrations/MigrateCommand->Illuminate/Database/Console/Migrations/{closure}(1)
#19 C:/Users/susan/Desktop/Repositoryk/Vizsgaremek/BlathyFM/blathyfm_backend/vendor/laravel/framework/src/Illuminate/Database/Console/Migrations/MigrateCommand.php(164): retry(1, Object(Closure), 0, Object(Closure))
#20 C:/Users/susan/Desktop/Repositoryk/Vizsgaremek/BlathyFM/blathyfm_backend/vendor/laravel/framework/src/Illuminate/Database/Console/Migrations/MigrateCommand.php(140): Illuminate/Database/Console/Migrations/MigrateCommand->repositoryExists()
#21 C:/Users/susan/Desktop/Repositoryk/Vizsgaremek/BlathyFM/blathyfm_backend/vendor/laravel/framework/src/Illuminate/Database/Console/Migrations/MigrateCommand.php(110): Illuminate/Database/Console/Migrations/MigrateCommand->prepareDatabase()
#22 C:/Users/susan/Desktop/Repositoryk/Vizsgaremek/BlathyFM/blathyfm_backend/vendor/laravel/framework/src/Illuminate/Database/Migrations/Migrator.php(671): Illuminate/Database/Console/Migrations/MigrateCommand->Illuminate/Database/Console/Migrations/{closure}()
#23 C:/Users/susan/Desktop/Repositoryk/Vizsgaremek/BlathyFM/blathyfm_backend/vendor/laravel/framework/src/Illuminate/Database/Console/Migrations/MigrateCommand.php(109): Illuminate/Database/Migrations/Migrator->usingConnection(NULL, Object(Closure))
#24 C:/Users/susan/Desktop/Repositoryk/Vizsgaremek/BlathyFM/blathyfm_backend/vendor/laravel/framework/src/Illuminate/Database/Console/Migrations/MigrateCommand.php(88): Illuminate/Database/Console/Migrations/MigrateCommand->runMigrations()
#25 C:/Users/susan/Desktop/Repositoryk/Vizsgaremek/BlathyFM/blathyfm_backend/vendor/laravel/framework/src/Illuminate/Container/BoundMethod.php(36): Illuminate/Database/Console/Migrations/MigrateCommand->handle()
#26 C:/Users/susan/Desktop/Repositoryk/Vizsgaremek/BlathyFM/blathyfm_backend/vendor/laravel/framework/src/Illuminate/Container/Util.php(43): Illuminate/Container/BoundMethod::Illuminate/Container/{closure}()
#27 C:/Users/susan/Desktop/Repositoryk/Vizsgaremek/BlathyFM/blathyfm_backend/vendor/laravel/framework/src/Illuminate/Container/BoundMethod.php(96): Illuminate/Container/Util::unwrapIfClosure(Object(Closure))
#28 C:/Users/susan/Desktop/Repositoryk/Vizsgaremek/BlathyFM/blathyfm_backend/vendor/laravel/framework/src/Illuminate/Container/BoundMethod.php(35): Illuminate/Container/BoundMethod::callBoundMethod(Object(Illuminate/Foundation/Application), Array, Object(Closure))
#29 C:/Users/susan/Desktop/Repositoryk/Vizsgaremek/BlathyFM/blathyfm_backend/vendor/laravel/framework/src/Illuminate/Container/Container.php(799): Illuminate/Container/BoundMethod::call(Object(Illuminate/Foundation/Application), Array, Array, NULL)
#30 C:/Users/susan/Desktop/Repositoryk/Vizsgaremek/BlathyFM/blathyfm_backend/vendor/laravel/framework/src/Illuminate/Console/Command.php(211): Illuminate/Container/Container->call(Array)
#31 C:/Users/susan/Desktop/Repositoryk/Vizsgaremek/BlathyFM/blathyfm_backend/vendor/symfony/console/Command/Command.php(341): Illuminate/Console/Command->execute(Object(Symfony/Component/Console/Input/ArgvInput), Object(Illuminate/Console/OutputStyle))
#32 C:/Users/susan/Desktop/Repositoryk/Vizsgaremek/BlathyFM/blathyfm_backend/vendor/laravel/framework/src/Illuminate/Console/Command.php(180): Symfony/Component/Console/Command/Command->run(Object(Symfony/Component/Console/Input/ArgvInput), Object(Illuminate/Console/OutputStyle))
#33 C:/Users/susan/Desktop/Repositoryk/Vizsgaremek/BlathyFM/blathyfm_backend/vendor/symfony/console/Application.php(1117): Illuminate/Console/Command->run(Object(Symfony/Component/Console/Input/ArgvInput), Object(Symfony/Component/Console/Output/ConsoleOutput))
#34 C:/Users/susan/Desktop/Repositoryk/Vizsgaremek/BlathyFM/blathyfm_backend/vendor/symfony/console/Application.php(356): Symfony/Component/Console/Application->doRunCommand(Object(Illuminate/Database/Console/Migrations/MigrateCommand), Object(Symfony/Component/Console/Input/ArgvInput), Object(Symfony/Component/Console/Output/ConsoleOutput))
#35 C:/Users/susan/Desktop/Repositoryk/Vizsgaremek/BlathyFM/blathyfm_backend/vendor/symfony/console/Application.php(195): Symfony/Component/Console/Application->doRun(Object(Symfony/Component/Console/Input/ArgvInput), Object(Symfony/Component/Console/Output/ConsoleOutput))
#36 C:/Users/susan/Desktop/Repositoryk/Vizsgaremek/BlathyFM/blathyfm_backend/vendor/laravel/framework/src/Illuminate/Foundation/Console/Kernel.php(198): Symfony/Component/Console/Application->run(Object(Symfony/Component/Console/Input/ArgvInput), Object(Symfony/Component/Console/Output/ConsoleOutput))
#37 C:/Users/susan/Desktop/Repositoryk/Vizsgaremek/BlathyFM/blathyfm_backend/vendor/laravel/framework/src/Illuminate/Foundation/Application.php(1235): Illuminate/Foundation/Console/Kernel->handle(Object(Symfony/Component/Console/Input/ArgvInput), Object(Symfony/Component/Console/Output/ConsoleOutput))
#38 C:/Users/susan/Desktop/Repositoryk/Vizsgaremek/BlathyFM/blathyfm_backend/artisan(16): Illuminate/Foundation/Application->handleCommand(Object(Symfony/Component/Console/Input/ArgvInput))
#39 {main}
"} 
[2026-03-16 11:34:53] local.ERROR: Call to undefined method App\Models\User::factory() {"exception":"[object] (BadMethodCallException(code: 0): Call to undefined method App\\Models\\User::factory() at C:/Users/susan/Desktop/Repositoryk/Vizsgaremek/BlathyFM/blathyfm_backend/vendor/laravel/framework/src/Illuminate/Support/Traits/ForwardsCalls.php:67)
[stacktrace]
#0 C:/Users/susan/Desktop/Repositoryk/Vizsgaremek/BlathyFM/blathyfm_backend/vendor/laravel/framework/src/Illuminate/Support/Traits/ForwardsCalls.php(36): Illuminate/Database/Eloquent/Model::throwBadMethodCallException('factory')
#1 C:/Users/susan/Desktop/Repositoryk/Vizsgaremek/BlathyFM/blathyfm_backend/vendor/laravel/framework/src/Illuminate/Database/Eloquent/Model.php(2540): Illuminate/Database/Eloquent/Model->forwardCallTo(Object(Illuminate/Database/Eloquent/Builder), 'factory', Array)
#2 C:/Users/susan/Desktop/Repositoryk/Vizsgaremek/BlathyFM/blathyfm_backend/vendor/laravel/framework/src/Illuminate/Database/Eloquent/Model.php(2556): Illuminate/Database/Eloquent/Model->__call('factory', Array)
#3 C:/Users/susan/Desktop/Repositoryk/Vizsgaremek/BlathyFM/blathyfm_backend/database/seeders/DatabaseSeeder.php(20): Illuminate/Database/Eloquent/Model::__callStatic('factory', Array)
#4 C:/Users/susan/Desktop/Repositoryk/Vizsgaremek/BlathyFM/blathyfm_backend/vendor/laravel/framework/src/Illuminate/Container/BoundMethod.php(36): Database/Seeders/DatabaseSeeder->run()
#5 C:/Users/susan/Desktop/Repositoryk/Vizsgaremek/BlathyFM/blathyfm_backend/vendor/laravel/framework/src/Illuminate/Container/Util.php(43): Illuminate/Container/BoundMethod::Illuminate/Container/{closure}()
#6 C:/Users/susan/Desktop/Repositoryk/Vizsgaremek/BlathyFM/blathyfm_backend/vendor/laravel/framework/src/Illuminate/Container/BoundMethod.php(96): Illuminate/Container/Util::unwrapIfClosure(Object(Closure))
#7 C:/Users/susan/Desktop/Repositoryk/Vizsgaremek/BlathyFM/blathyfm_backend/vendor/laravel/framework/src/Illuminate/Container/BoundMethod.php(35): Illuminate/Container/BoundMethod::callBoundMethod(Object(Illuminate/Foundation/Application), Array, Object(Closure))
#8 C:/Users/susan/Desktop/Repositoryk/Vizsgaremek/BlathyFM/blathyfm_backend/vendor/laravel/framework/src/Illuminate/Container/Container.php(799): Illuminate/Container/BoundMethod::call(Object(Illuminate/Foundation/Application), Array, Array, NULL)
#9 C:/Users/susan/Desktop/Repositoryk/Vizsgaremek/BlathyFM/blathyfm_backend/vendor/laravel/framework/src/Illuminate/Database/Seeder.php(184): Illuminate/Container/Container->call(Array, Array)
#10 C:/Users/susan/Desktop/Repositoryk/Vizsgaremek/BlathyFM/blathyfm_backend/vendor/laravel/framework/src/Illuminate/Database/Eloquent/Concerns/HasEvents.php(454): Illuminate/Database/Seeder->Illuminate/Database/{closure}()
#11 C:/Users/susan/Desktop/Repositoryk/Vizsgaremek/BlathyFM/blathyfm_backend/vendor/laravel/framework/src/Illuminate/Database/Console/Seeds/WithoutModelEvents.php(17): Illuminate/Database/Eloquent/Model::withoutEvents(Object(Closure))
#12 C:/Users/susan/Desktop/Repositoryk/Vizsgaremek/BlathyFM/blathyfm_backend/vendor/laravel/framework/src/Illuminate/Database/Seeder.php(193): Database/Seeders/DatabaseSeeder->Illuminate/Database/Console/Seeds/{closure}()
#13 C:/Users/susan/Desktop/Repositoryk/Vizsgaremek/BlathyFM/blathyfm_backend/vendor/laravel/framework/src/Illuminate/Database/Console/Seeds/SeedCommand.php(71): Illuminate/Database/Seeder->__invoke()
#14 C:/Users/susan/Desktop/Repositoryk/Vizsgaremek/BlathyFM/blathyfm_backend/vendor/laravel/framework/src/Illuminate/Database/Eloquent/Concerns/GuardsAttributes.php(157): Illuminate/Database/Console/Seeds/SeedCommand->Illuminate/Database/Console/Seeds/{closure}()
#15 C:/Users/susan/Desktop/Repositoryk/Vizsgaremek/BlathyFM/blathyfm_backend/vendor/laravel/framework/src/Illuminate/Database/Console/Seeds/SeedCommand.php(70): Illuminate/Database/Eloquent/Model::unguarded(Object(Closure))
#16 C:/Users/susan/Desktop/Repositoryk/Vizsgaremek/BlathyFM/blathyfm_backend/vendor/laravel/framework/src/Illuminate/Container/BoundMethod.php(36): Illuminate/Database/Console/Seeds/SeedCommand->handle()
#17 C:/Users/susan/Desktop/Repositoryk/Vizsgaremek/BlathyFM/blathyfm_backend/vendor/laravel/framework/src/Illuminate/Container/Util.php(43): Illuminate/Container/BoundMethod::Illuminate/Container/{closure}()
#18 C:/Users/susan/Desktop/Repositoryk/Vizsgaremek/BlathyFM/blathyfm_backend/vendor/laravel/framework/src/Illuminate/Container/BoundMethod.php(96): Illuminate/Container/Util::unwrapIfClosure(Object(Closure))
#19 C:/Users/susan/Desktop/Repositoryk/Vizsgaremek/BlathyFM/blathyfm_backend/vendor/laravel/framework/src/Illuminate/Container/BoundMethod.php(35): Illuminate/Container/BoundMethod::callBoundMethod(Object(Illuminate/Foundation/Application), Array, Object(Closure))
#20 C:/Users/susan/Desktop/Repositoryk/Vizsgaremek/BlathyFM/blathyfm_backend/vendor/laravel/framework/src/Illuminate/Container/Container.php(799): Illuminate/Container/BoundMethod::call(Object(Illuminate/Foundation/Application), Array, Array, NULL)
#21 C:/Users/susan/Desktop/Repositoryk/Vizsgaremek/BlathyFM/blathyfm_backend/vendor/laravel/framework/src/Illuminate/Console/Command.php(211): Illuminate/Container/Container->call(Array)
#22 C:/Users/susan/Desktop/Repositoryk/Vizsgaremek/BlathyFM/blathyfm_backend/vendor/symfony/console/Command/Command.php(341): Illuminate/Console/Command->execute(Object(Symfony/Component/Console/Input/ArrayInput), Object(Illuminate/Console/OutputStyle))
#23 C:/Users/susan/Desktop/Repositoryk/Vizsgaremek/BlathyFM/blathyfm_backend/vendor/laravel/framework/src/Illuminate/Console/Command.php(180): Symfony/Component/Console/Command/Command->run(Object(Symfony/Component/Console/Input/ArrayInput), Object(Illuminate/Console/OutputStyle))
#24 C:/Users/susan/Desktop/Repositoryk/Vizsgaremek/BlathyFM/blathyfm_backend/vendor/laravel/framework/src/Illuminate/Console/Concerns/CallsCommands.php(68): Illuminate/Console/Command->run(Object(Symfony/Component/Console/Input/ArrayInput), Object(Illuminate/Console/OutputStyle))
#25 C:/Users/susan/Desktop/Repositoryk/Vizsgaremek/BlathyFM/blathyfm_backend/vendor/laravel/framework/src/Illuminate/Console/Concerns/CallsCommands.php(29): Illuminate/Console/Command->runCommand('db:seed', Array, Object(Illuminate/Console/OutputStyle))
#26 C:/Users/susan/Desktop/Repositoryk/Vizsgaremek/BlathyFM/blathyfm_backend/vendor/laravel/framework/src/Illuminate/Database/Console/Migrations/FreshCommand.php(128): Illuminate/Console/Command->call('db:seed', Array)
#27 C:/Users/susan/Desktop/Repositoryk/Vizsgaremek/BlathyFM/blathyfm_backend/vendor/laravel/framework/src/Illuminate/Database/Console/Migrations/FreshCommand.php(104): Illuminate/Database/Console/Migrations/FreshCommand->runSeeder(NULL)
#28 C:/Users/susan/Desktop/Repositoryk/Vizsgaremek/BlathyFM/blathyfm_backend/vendor/laravel/framework/src/Illuminate/Container/BoundMethod.php(36): Illuminate/Database/Console/Migrations/FreshCommand->handle()
#29 C:/Users/susan/Desktop/Repositoryk/Vizsgaremek/BlathyFM/blathyfm_backend/vendor/laravel/framework/src/Illuminate/Container/Util.php(43): Illuminate/Container/BoundMethod::Illuminate/Container/{closure}()
#30 C:/Users/susan/Desktop/Repositoryk/Vizsgaremek/BlathyFM/blathyfm_backend/vendor/laravel/framework/src/Illuminate/Container/BoundMethod.php(96): Illuminate/Container/Util::unwrapIfClosure(Object(Closure))
#31 C:/Users/susan/Desktop/Repositoryk/Vizsgaremek/BlathyFM/blathyfm_backend/vendor/laravel/framework/src/Illuminate/Container/BoundMethod.php(35): Illuminate/Container/BoundMethod::callBoundMethod(Object(Illuminate/Foundation/Application), Array, Object(Closure))
#32 C:/Users/susan/Desktop/Repositoryk/Vizsgaremek/BlathyFM/blathyfm_backend/vendor/laravel/framework/src/Illuminate/Container/Container.php(799): Illuminate/Container/BoundMethod::call(Object(Illuminate/Foundation/Application), Array, Array, NULL)
#33 C:/Users/susan/Desktop/Repositoryk/Vizsgaremek/BlathyFM/blathyfm_backend/vendor/laravel/framework/src/Illuminate/Console/Command.php(211): Illuminate/Container/Container->call(Array)
#34 C:/Users/susan/Desktop/Repositoryk/Vizsgaremek/BlathyFM/blathyfm_backend/vendor/symfony/console/Command/Command.php(341): Illuminate/Console/Command->execute(Object(Symfony/Component/Console/Input/ArgvInput), Object(Illuminate/Console/OutputStyle))
#35 C:/Users/susan/Desktop/Repositoryk/Vizsgaremek/BlathyFM/blathyfm_backend/vendor/laravel/framework/src/Illuminate/Console/Command.php(180): Symfony/Component/Console/Command/Command->run(Object(Symfony/Component/Console/Input/ArgvInput), Object(Illuminate/Console/OutputStyle))
#36 C:/Users/susan/Desktop/Repositoryk/Vizsgaremek/BlathyFM/blathyfm_backend/vendor/symfony/console/Application.php(1117): Illuminate/Console/Command->run(Object(Symfony/Component/Console/Input/ArgvInput), Object(Symfony/Component/Console/Output/ConsoleOutput))
#37 C:/Users/susan/Desktop/Repositoryk/Vizsgaremek/BlathyFM/blathyfm_backend/vendor/symfony/console/Application.php(356): Symfony/Component/Console/Application->doRunCommand(Object(Illuminate/Database/Console/Migrations/FreshCommand), Object(Symfony/Component/Console/Input/ArgvInput), Object(Symfony/Component/Console/Output/ConsoleOutput))
#38 C:/Users/susan/Desktop/Repositoryk/Vizsgaremek/BlathyFM/blathyfm_backend/vendor/symfony/console/Application.php(195): Symfony/Component/Console/Application->doRun(Object(Symfony/Component/Console/Input/ArgvInput), Object(Symfony/Component/Console/Output/ConsoleOutput))
#39 C:/Users/susan/Desktop/Repositoryk/Vizsgaremek/BlathyFM/blathyfm_backend/vendor/laravel/framework/src/Illuminate/Foundation/Console/Kernel.php(198): Symfony/Component/Console/Application->run(Object(Symfony/Component/Console/Input/ArgvInput), Object(Symfony/Component/Console/Output/ConsoleOutput))
#40 C:/Users/susan/Desktop/Repositoryk/Vizsgaremek/BlathyFM/blathyfm_backend/vendor/laravel/framework/src/Illuminate/Foundation/Application.php(1235): Illuminate/Foundation/Console/Kernel->handle(Object(Symfony/Component/Console/Input/ArgvInput), Object(Symfony/Component/Console/Output/ConsoleOutput))
#41 C:/Users/susan/Desktop/Repositoryk/Vizsgaremek/BlathyFM/blathyfm_backend/artisan(16): Illuminate/Foundation/Application->handleCommand(Object(Symfony/Component/Console/Input/ArgvInput))
#42 {main}
"} 
[2026-03-16 11:35:07] local.ERROR: Call to undefined method App\Models\User::factory() {"exception":"[object] (BadMethodCallException(code: 0): Call to undefined method App\\Models\\User::factory() at C:/Users/susan/Desktop/Repositoryk/Vizsgaremek/BlathyFM/blathyfm_backend/vendor/laravel/framework/src/Illuminate/Support/Traits/ForwardsCalls.php:67)
[stacktrace]
#0 C:/Users/susan/Desktop/Repositoryk/Vizsgaremek/BlathyFM/blathyfm_backend/vendor/laravel/framework/src/Illuminate/Support/Traits/ForwardsCalls.php(36): Illuminate/Database/Eloquent/Model::throwBadMethodCallException('factory')
#1 C:/Users/susan/Desktop/Repositoryk/Vizsgaremek/BlathyFM/blathyfm_backend/vendor/laravel/framework/src/Illuminate/Database/Eloquent/Model.php(2540): Illuminate/Database/Eloquent/Model->forwardCallTo(Object(Illuminate/Database/Eloquent/Builder), 'factory', Array)
#2 C:/Users/susan/Desktop/Repositoryk/Vizsgaremek/BlathyFM/blathyfm_backend/vendor/laravel/framework/src/Illuminate/Database/Eloquent/Model.php(2556): Illuminate/Database/Eloquent/Model->__call('factory', Array)
#3 C:/Users/susan/Desktop/Repositoryk/Vizsgaremek/BlathyFM/blathyfm_backend/database/seeders/DatabaseSeeder.php(20): Illuminate/Database/Eloquent/Model::__callStatic('factory', Array)
#4 C:/Users/susan/Desktop/Repositoryk/Vizsgaremek/BlathyFM/blathyfm_backend/vendor/laravel/framework/src/Illuminate/Container/BoundMethod.php(36): Database/Seeders/DatabaseSeeder->run()
#5 C:/Users/susan/Desktop/Repositoryk/Vizsgaremek/BlathyFM/blathyfm_backend/vendor/laravel/framework/src/Illuminate/Container/Util.php(43): Illuminate/Container/BoundMethod::Illuminate/Container/{closure}()
#6 C:/Users/susan/Desktop/Repositoryk/Vizsgaremek/BlathyFM/blathyfm_backend/vendor/laravel/framework/src/Illuminate/Container/BoundMethod.php(96): Illuminate/Container/Util::unwrapIfClosure(Object(Closure))
#7 C:/Users/susan/Desktop/Repositoryk/Vizsgaremek/BlathyFM/blathyfm_backend/vendor/laravel/framework/src/Illuminate/Container/BoundMethod.php(35): Illuminate/Container/BoundMethod::callBoundMethod(Object(Illuminate/Foundation/Application), Array, Object(Closure))
#8 C:/Users/susan/Desktop/Repositoryk/Vizsgaremek/BlathyFM/blathyfm_backend/vendor/laravel/framework/src/Illuminate/Container/Container.php(799): Illuminate/Container/BoundMethod::call(Object(Illuminate/Foundation/Application), Array, Array, NULL)
#9 C:/Users/susan/Desktop/Repositoryk/Vizsgaremek/BlathyFM/blathyfm_backend/vendor/laravel/framework/src/Illuminate/Database/Seeder.php(184): Illuminate/Container/Container->call(Array, Array)
#10 C:/Users/susan/Desktop/Repositoryk/Vizsgaremek/BlathyFM/blathyfm_backend/vendor/laravel/framework/src/Illuminate/Database/Eloquent/Concerns/HasEvents.php(454): Illuminate/Database/Seeder->Illuminate/Database/{closure}()
#11 C:/Users/susan/Desktop/Repositoryk/Vizsgaremek/BlathyFM/blathyfm_backend/vendor/laravel/framework/src/Illuminate/Database/Console/Seeds/WithoutModelEvents.php(17): Illuminate/Database/Eloquent/Model::withoutEvents(Object(Closure))
#12 C:/Users/susan/Desktop/Repositoryk/Vizsgaremek/BlathyFM/blathyfm_backend/vendor/laravel/framework/src/Illuminate/Database/Seeder.php(193): Database/Seeders/DatabaseSeeder->Illuminate/Database/Console/Seeds/{closure}()
#13 C:/Users/susan/Desktop/Repositoryk/Vizsgaremek/BlathyFM/blathyfm_backend/vendor/laravel/framework/src/Illuminate/Database/Console/Seeds/SeedCommand.php(71): Illuminate/Database/Seeder->__invoke()
#14 C:/Users/susan/Desktop/Repositoryk/Vizsgaremek/BlathyFM/blathyfm_backend/vendor/laravel/framework/src/Illuminate/Database/Eloquent/Concerns/GuardsAttributes.php(157): Illuminate/Database/Console/Seeds/SeedCommand->Illuminate/Database/Console/Seeds/{closure}()
#15 C:/Users/susan/Desktop/Repositoryk/Vizsgaremek/BlathyFM/blathyfm_backend/vendor/laravel/framework/src/Illuminate/Database/Console/Seeds/SeedCommand.php(70): Illuminate/Database/Eloquent/Model::unguarded(Object(Closure))
#16 C:/Users/susan/Desktop/Repositoryk/Vizsgaremek/BlathyFM/blathyfm_backend/vendor/laravel/framework/src/Illuminate/Container/BoundMethod.php(36): Illuminate/Database/Console/Seeds/SeedCommand->handle()
#17 C:/Users/susan/Desktop/Repositoryk/Vizsgaremek/BlathyFM/blathyfm_backend/vendor/laravel/framework/src/Illuminate/Container/Util.php(43): Illuminate/Container/BoundMethod::Illuminate/Container/{closure}()
#18 C:/Users/susan/Desktop/Repositoryk/Vizsgaremek/BlathyFM/blathyfm_backend/vendor/laravel/framework/src/Illuminate/Container/BoundMethod.php(96): Illuminate/Container/Util::unwrapIfClosure(Object(Closure))
#19 C:/Users/susan/Desktop/Repositoryk/Vizsgaremek/BlathyFM/blathyfm_backend/vendor/laravel/framework/src/Illuminate/Container/BoundMethod.php(35): Illuminate/Container/BoundMethod::callBoundMethod(Object(Illuminate/Foundation/Application), Array, Object(Closure))
#20 C:/Users/susan/Desktop/Repositoryk/Vizsgaremek/BlathyFM/blathyfm_backend/vendor/laravel/framework/src/Illuminate/Container/Container.php(799): Illuminate/Container/BoundMethod::call(Object(Illuminate/Foundation/Application), Array, Array, NULL)
#21 C:/Users/susan/Desktop/Repositoryk/Vizsgaremek/BlathyFM/blathyfm_backend/vendor/laravel/framework/src/Illuminate/Console/Command.php(211): Illuminate/Container/Container->call(Array)
#22 C:/Users/susan/Desktop/Repositoryk/Vizsgaremek/BlathyFM/blathyfm_backend/vendor/symfony/console/Command/Command.php(341): Illuminate/Console/Command->execute(Object(Symfony/Component/Console/Input/ArrayInput), Object(Illuminate/Console/OutputStyle))
#23 C:/Users/susan/Desktop/Repositoryk/Vizsgaremek/BlathyFM/blathyfm_backend/vendor/laravel/framework/src/Illuminate/Console/Command.php(180): Symfony/Component/Console/Command/Command->run(Object(Symfony/Component/Console/Input/ArrayInput), Object(Illuminate/Console/OutputStyle))
#24 C:/Users/susan/Desktop/Repositoryk/Vizsgaremek/BlathyFM/blathyfm_backend/vendor/laravel/framework/src/Illuminate/Console/Concerns/CallsCommands.php(68): Illuminate/Console/Command->run(Object(Symfony/Component/Console/Input/ArrayInput), Object(Illuminate/Console/OutputStyle))
#25 C:/Users/susan/Desktop/Repositoryk/Vizsgaremek/BlathyFM/blathyfm_backend/vendor/laravel/framework/src/Illuminate/Console/Concerns/CallsCommands.php(29): Illuminate/Console/Command->runCommand('db:seed', Array, Object(Illuminate/Console/OutputStyle))
#26 C:/Users/susan/Desktop/Repositoryk/Vizsgaremek/BlathyFM/blathyfm_backend/vendor/laravel/framework/src/Illuminate/Database/Console/Migrations/FreshCommand.php(128): Illuminate/Console/Command->call('db:seed', Array)
#27 C:/Users/susan/Desktop/Repositoryk/Vizsgaremek/BlathyFM/blathyfm_backend/vendor/laravel/framework/src/Illuminate/Database/Console/Migrations/FreshCommand.php(104): Illuminate/Database/Console/Migrations/FreshCommand->runSeeder(NULL)
#28 C:/Users/susan/Desktop/Repositoryk/Vizsgaremek/BlathyFM/blathyfm_backend/vendor/laravel/framework/src/Illuminate/Container/BoundMethod.php(36): Illuminate/Database/Console/Migrations/FreshCommand->handle()
#29 C:/Users/susan/Desktop/Repositoryk/Vizsgaremek/BlathyFM/blathyfm_backend/vendor/laravel/framework/src/Illuminate/Container/Util.php(43): Illuminate/Container/BoundMethod::Illuminate/Container/{closure}()
#30 C:/Users/susan/Desktop/Repositoryk/Vizsgaremek/BlathyFM/blathyfm_backend/vendor/laravel/framework/src/Illuminate/Container/BoundMethod.php(96): Illuminate/Container/Util::unwrapIfClosure(Object(Closure))
#31 C:/Users/susan/Desktop/Repositoryk/Vizsgaremek/BlathyFM/blathyfm_backend/vendor/laravel/framework/src/Illuminate/Container/BoundMethod.php(35): Illuminate/Container/BoundMethod::callBoundMethod(Object(Illuminate/Foundation/Application), Array, Object(Closure))
#32 C:/Users/susan/Desktop/Repositoryk/Vizsgaremek/BlathyFM/blathyfm_backend/vendor/laravel/framework/src/Illuminate/Container/Container.php(799): Illuminate/Container/BoundMethod::call(Object(Illuminate/Foundation/Application), Array, Array, NULL)
#33 C:/Users/susan/Desktop/Repositoryk/Vizsgaremek/BlathyFM/blathyfm_backend/vendor/laravel/framework/src/Illuminate/Console/Command.php(211): Illuminate/Container/Container->call(Array)
#34 C:/Users/susan/Desktop/Repositoryk/Vizsgaremek/BlathyFM/blathyfm_backend/vendor/symfony/console/Command/Command.php(341): Illuminate/Console/Command->execute(Object(Symfony/Component/Console/Input/ArgvInput), Object(Illuminate/Console/OutputStyle))
#35 C:/Users/susan/Desktop/Repositoryk/Vizsgaremek/BlathyFM/blathyfm_backend/vendor/laravel/framework/src/Illuminate/Console/Command.php(180): Symfony/Component/Console/Command/Command->run(Object(Symfony/Component/Console/Input/ArgvInput), Object(Illuminate/Console/OutputStyle))
#36 C:/Users/susan/Desktop/Repositoryk/Vizsgaremek/BlathyFM/blathyfm_backend/vendor/symfony/console/Application.php(1117): Illuminate/Console/Command->run(Object(Symfony/Component/Console/Input/ArgvInput), Object(Symfony/Component/Console/Output/ConsoleOutput))
#37 C:/Users/susan/Desktop/Repositoryk/Vizsgaremek/BlathyFM/blathyfm_backend/vendor/symfony/console/Application.php(356): Symfony/Component/Console/Application->doRunCommand(Object(Illuminate/Database/Console/Migrations/FreshCommand), Object(Symfony/Component/Console/Input/ArgvInput), Object(Symfony/Component/Console/Output/ConsoleOutput))
#38 C:/Users/susan/Desktop/Repositoryk/Vizsgaremek/BlathyFM/blathyfm_backend/vendor/symfony/console/Application.php(195): Symfony/Component/Console/Application->doRun(Object(Symfony/Component/Console/Input/ArgvInput), Object(Symfony/Component/Console/Output/ConsoleOutput))
#39 C:/Users/susan/Desktop/Repositoryk/Vizsgaremek/BlathyFM/blathyfm_backend/vendor/laravel/framework/src/Illuminate/Foundation/Console/Kernel.php(198): Symfony/Component/Console/Application->run(Object(Symfony/Component/Console/Input/ArgvInput), Object(Symfony/Component/Console/Output/ConsoleOutput))
#40 C:/Users/susan/Desktop/Repositoryk/Vizsgaremek/BlathyFM/blathyfm_backend/vendor/laravel/framework/src/Illuminate/Foundation/Application.php(1235): Illuminate/Foundation/Console/Kernel->handle(Object(Symfony/Component/Console/Input/ArgvInput), Object(Symfony/Component/Console/Output/ConsoleOutput))
#41 C:/Users/susan/Desktop/Repositoryk/Vizsgaremek/BlathyFM/blathyfm_backend/artisan(16): Illuminate/Foundation/Application->handleCommand(Object(Symfony/Component/Console/Input/ArgvInput))
#42 {main}
"} 
[2026-03-16 11:35:34] local.ERROR: Call to undefined method App\Models\Person::factory() {"exception":"[object] (BadMethodCallException(code: 0): Call to undefined method App\\Models\\Person::factory() at C:/Users/susan/Desktop/Repositoryk/Vizsgaremek/BlathyFM/blathyfm_backend/vendor/laravel/framework/src/Illuminate/Support/Traits/ForwardsCalls.php:67)
[stacktrace]
#0 C:/Users/susan/Desktop/Repositoryk/Vizsgaremek/BlathyFM/blathyfm_backend/vendor/laravel/framework/src/Illuminate/Support/Traits/ForwardsCalls.php(36): Illuminate/Database/Eloquent/Model::throwBadMethodCallException('factory')
#1 C:/Users/susan/Desktop/Repositoryk/Vizsgaremek/BlathyFM/blathyfm_backend/vendor/laravel/framework/src/Illuminate/Database/Eloquent/Model.php(2540): Illuminate/Database/Eloquent/Model->forwardCallTo(Object(Illuminate/Database/Eloquent/Builder), 'factory', Array)
#2 C:/Users/susan/Desktop/Repositoryk/Vizsgaremek/BlathyFM/blathyfm_backend/vendor/laravel/framework/src/Illuminate/Database/Eloquent/Model.php(2556): Illuminate/Database/Eloquent/Model->__call('factory', Array)
#3 C:/Users/susan/Desktop/Repositoryk/Vizsgaremek/BlathyFM/blathyfm_backend/database/seeders/DatabaseSeeder.php(20): Illuminate/Database/Eloquent/Model::__callStatic('factory', Array)
#4 C:/Users/susan/Desktop/Repositoryk/Vizsgaremek/BlathyFM/blathyfm_backend/vendor/laravel/framework/src/Illuminate/Container/BoundMethod.php(36): Database/Seeders/DatabaseSeeder->run()
#5 C:/Users/susan/Desktop/Repositoryk/Vizsgaremek/BlathyFM/blathyfm_backend/vendor/laravel/framework/src/Illuminate/Container/Util.php(43): Illuminate/Container/BoundMethod::Illuminate/Container/{closure}()
#6 C:/Users/susan/Desktop/Repositoryk/Vizsgaremek/BlathyFM/blathyfm_backend/vendor/laravel/framework/src/Illuminate/Container/BoundMethod.php(96): Illuminate/Container/Util::unwrapIfClosure(Object(Closure))
#7 C:/Users/susan/Desktop/Repositoryk/Vizsgaremek/BlathyFM/blathyfm_backend/vendor/laravel/framework/src/Illuminate/Container/BoundMethod.php(35): Illuminate/Container/BoundMethod::callBoundMethod(Object(Illuminate/Foundation/Application), Array, Object(Closure))
#8 C:/Users/susan/Desktop/Repositoryk/Vizsgaremek/BlathyFM/blathyfm_backend/vendor/laravel/framework/src/Illuminate/Container/Container.php(799): Illuminate/Container/BoundMethod::call(Object(Illuminate/Foundation/Application), Array, Array, NULL)
#9 C:/Users/susan/Desktop/Repositoryk/Vizsgaremek/BlathyFM/blathyfm_backend/vendor/laravel/framework/src/Illuminate/Database/Seeder.php(184): Illuminate/Container/Container->call(Array, Array)
#10 C:/Users/susan/Desktop/Repositoryk/Vizsgaremek/BlathyFM/blathyfm_backend/vendor/laravel/framework/src/Illuminate/Database/Eloquent/Concerns/HasEvents.php(454): Illuminate/Database/Seeder->Illuminate/Database/{closure}()
#11 C:/Users/susan/Desktop/Repositoryk/Vizsgaremek/BlathyFM/blathyfm_backend/vendor/laravel/framework/src/Illuminate/Database/Console/Seeds/WithoutModelEvents.php(17): Illuminate/Database/Eloquent/Model::withoutEvents(Object(Closure))
#12 C:/Users/susan/Desktop/Repositoryk/Vizsgaremek/BlathyFM/blathyfm_backend/vendor/laravel/framework/src/Illuminate/Database/Seeder.php(193): Database/Seeders/DatabaseSeeder->Illuminate/Database/Console/Seeds/{closure}()
#13 C:/Users/susan/Desktop/Repositoryk/Vizsgaremek/BlathyFM/blathyfm_backend/vendor/laravel/framework/src/Illuminate/Database/Console/Seeds/SeedCommand.php(71): Illuminate/Database/Seeder->__invoke()
#14 C:/Users/susan/Desktop/Repositoryk/Vizsgaremek/BlathyFM/blathyfm_backend/vendor/laravel/framework/src/Illuminate/Database/Eloquent/Concerns/GuardsAttributes.php(157): Illuminate/Database/Console/Seeds/SeedCommand->Illuminate/Database/Console/Seeds/{closure}()
#15 C:/Users/susan/Desktop/Repositoryk/Vizsgaremek/BlathyFM/blathyfm_backend/vendor/laravel/framework/src/Illuminate/Database/Console/Seeds/SeedCommand.php(70): Illuminate/Database/Eloquent/Model::unguarded(Object(Closure))
#16 C:/Users/susan/Desktop/Repositoryk/Vizsgaremek/BlathyFM/blathyfm_backend/vendor/laravel/framework/src/Illuminate/Container/BoundMethod.php(36): Illuminate/Database/Console/Seeds/SeedCommand->handle()
#17 C:/Users/susan/Desktop/Repositoryk/Vizsgaremek/BlathyFM/blathyfm_backend/vendor/laravel/framework/src/Illuminate/Container/Util.php(43): Illuminate/Container/BoundMethod::Illuminate/Container/{closure}()
#18 C:/Users/susan/Desktop/Repositoryk/Vizsgaremek/BlathyFM/blathyfm_backend/vendor/laravel/framework/src/Illuminate/Container/BoundMethod.php(96): Illuminate/Container/Util::unwrapIfClosure(Object(Closure))
#19 C:/Users/susan/Desktop/Repositoryk/Vizsgaremek/BlathyFM/blathyfm_backend/vendor/laravel/framework/src/Illuminate/Container/BoundMethod.php(35): Illuminate/Container/BoundMethod::callBoundMethod(Object(Illuminate/Foundation/Application), Array, Object(Closure))
#20 C:/Users/susan/Desktop/Repositoryk/Vizsgaremek/BlathyFM/blathyfm_backend/vendor/laravel/framework/src/Illuminate/Container/Container.php(799): Illuminate/Container/BoundMethod::call(Object(Illuminate/Foundation/Application), Array, Array, NULL)
#21 C:/Users/susan/Desktop/Repositoryk/Vizsgaremek/BlathyFM/blathyfm_backend/vendor/laravel/framework/src/Illuminate/Console/Command.php(211): Illuminate/Container/Container->call(Array)
#22 C:/Users/susan/Desktop/Repositoryk/Vizsgaremek/BlathyFM/blathyfm_backend/vendor/symfony/console/Command/Command.php(341): Illuminate/Console/Command->execute(Object(Symfony/Component/Console/Input/ArrayInput), Object(Illuminate/Console/OutputStyle))
#23 C:/Users/susan/Desktop/Repositoryk/Vizsgaremek/BlathyFM/blathyfm_backend/vendor/laravel/framework/src/Illuminate/Console/Command.php(180): Symfony/Component/Console/Command/Command->run(Object(Symfony/Component/Console/Input/ArrayInput), Object(Illuminate/Console/OutputStyle))
#24 C:/Users/susan/Desktop/Repositoryk/Vizsgaremek/BlathyFM/blathyfm_backend/vendor/laravel/framework/src/Illuminate/Console/Concerns/CallsCommands.php(68): Illuminate/Console/Command->run(Object(Symfony/Component/Console/Input/ArrayInput), Object(Illuminate/Console/OutputStyle))
#25 C:/Users/susan/Desktop/Repositoryk/Vizsgaremek/BlathyFM/blathyfm_backend/vendor/laravel/framework/src/Illuminate/Console/Concerns/CallsCommands.php(29): Illuminate/Console/Command->runCommand('db:seed', Array, Object(Illuminate/Console/OutputStyle))
#26 C:/Users/susan/Desktop/Repositoryk/Vizsgaremek/BlathyFM/blathyfm_backend/vendor/laravel/framework/src/Illuminate/Database/Console/Migrations/FreshCommand.php(128): Illuminate/Console/Command->call('db:seed', Array)
#27 C:/Users/susan/Desktop/Repositoryk/Vizsgaremek/BlathyFM/blathyfm_backend/vendor/laravel/framework/src/Illuminate/Database/Console/Migrations/FreshCommand.php(104): Illuminate/Database/Console/Migrations/FreshCommand->runSeeder(NULL)
#28 C:/Users/susan/Desktop/Repositoryk/Vizsgaremek/BlathyFM/blathyfm_backend/vendor/laravel/framework/src/Illuminate/Container/BoundMethod.php(36): Illuminate/Database/Console/Migrations/FreshCommand->handle()
#29 C:/Users/susan/Desktop/Repositoryk/Vizsgaremek/BlathyFM/blathyfm_backend/vendor/laravel/framework/src/Illuminate/Container/Util.php(43): Illuminate/Container/BoundMethod::Illuminate/Container/{closure}()
#30 C:/Users/susan/Desktop/Repositoryk/Vizsgaremek/BlathyFM/blathyfm_backend/vendor/laravel/framework/src/Illuminate/Container/BoundMethod.php(96): Illuminate/Container/Util::unwrapIfClosure(Object(Closure))
#31 C:/Users/susan/Desktop/Repositoryk/Vizsgaremek/BlathyFM/blathyfm_backend/vendor/laravel/framework/src/Illuminate/Container/BoundMethod.php(35): Illuminate/Container/BoundMethod::callBoundMethod(Object(Illuminate/Foundation/Application), Array, Object(Closure))
#32 C:/Users/susan/Desktop/Repositoryk/Vizsgaremek/BlathyFM/blathyfm_backend/vendor/laravel/framework/src/Illuminate/Container/Container.php(799): Illuminate/Container/BoundMethod::call(Object(Illuminate/Foundation/Application), Array, Array, NULL)
#33 C:/Users/susan/Desktop/Repositoryk/Vizsgaremek/BlathyFM/blathyfm_backend/vendor/laravel/framework/src/Illuminate/Console/Command.php(211): Illuminate/Container/Container->call(Array)
#34 C:/Users/susan/Desktop/Repositoryk/Vizsgaremek/BlathyFM/blathyfm_backend/vendor/symfony/console/Command/Command.php(341): Illuminate/Console/Command->execute(Object(Symfony/Component/Console/Input/ArgvInput), Object(Illuminate/Console/OutputStyle))
#35 C:/Users/susan/Desktop/Repositoryk/Vizsgaremek/BlathyFM/blathyfm_backend/vendor/laravel/framework/src/Illuminate/Console/Command.php(180): Symfony/Component/Console/Command/Command->run(Object(Symfony/Component/Console/Input/ArgvInput), Object(Illuminate/Console/OutputStyle))
#36 C:/Users/susan/Desktop/Repositoryk/Vizsgaremek/BlathyFM/blathyfm_backend/vendor/symfony/console/Application.php(1117): Illuminate/Console/Command->run(Object(Symfony/Component/Console/Input/ArgvInput), Object(Symfony/Component/Console/Output/ConsoleOutput))
#37 C:/Users/susan/Desktop/Repositoryk/Vizsgaremek/BlathyFM/blathyfm_backend/vendor/symfony/console/Application.php(356): Symfony/Component/Console/Application->doRunCommand(Object(Illuminate/Database/Console/Migrations/FreshCommand), Object(Symfony/Component/Console/Input/ArgvInput), Object(Symfony/Component/Console/Output/ConsoleOutput))
#38 C:/Users/susan/Desktop/Repositoryk/Vizsgaremek/BlathyFM/blathyfm_backend/vendor/symfony/console/Application.php(195): Symfony/Component/Console/Application->doRun(Object(Symfony/Component/Console/Input/ArgvInput), Object(Symfony/Component/Console/Output/ConsoleOutput))
#39 C:/Users/susan/Desktop/Repositoryk/Vizsgaremek/BlathyFM/blathyfm_backend/vendor/laravel/framework/src/Illuminate/Foundation/Console/Kernel.php(198): Symfony/Component/Console/Application->run(Object(Symfony/Component/Console/Input/ArgvInput), Object(Symfony/Component/Console/Output/ConsoleOutput))
#40 C:/Users/susan/Desktop/Repositoryk/Vizsgaremek/BlathyFM/blathyfm_backend/vendor/laravel/framework/src/Illuminate/Foundation/Application.php(1235): Illuminate/Foundation/Console/Kernel->handle(Object(Symfony/Component/Console/Input/ArgvInput), Object(Symfony/Component/Console/Output/ConsoleOutput))
#41 C:/Users/susan/Desktop/Repositoryk/Vizsgaremek/BlathyFM/blathyfm_backend/artisan(16): Illuminate/Foundation/Application->handleCommand(Object(Symfony/Component/Console/Input/ArgvInput))
#42 {main}
"} 
[2026-03-16 11:36:25] local.ERROR: Call to undefined method App\Models\Person::factory() {"exception":"[object] (BadMethodCallException(code: 0): Call to undefined method App\\Models\\Person::factory() at C:/Users/susan/Desktop/Repositoryk/Vizsgaremek/BlathyFM/blathyfm_backend/vendor/laravel/framework/src/Illuminate/Support/Traits/ForwardsCalls.php:67)
[stacktrace]
#0 C:/Users/susan/Desktop/Repositoryk/Vizsgaremek/BlathyFM/blathyfm_backend/vendor/laravel/framework/src/Illuminate/Support/Traits/ForwardsCalls.php(36): Illuminate/Database/Eloquent/Model::throwBadMethodCallException('factory')
#1 C:/Users/susan/Desktop/Repositoryk/Vizsgaremek/BlathyFM/blathyfm_backend/vendor/laravel/framework/src/Illuminate/Database/Eloquent/Model.php(2540): Illuminate/Database/Eloquent/Model->forwardCallTo(Object(Illuminate/Database/Eloquent/Builder), 'factory', Array)
#2 C:/Users/susan/Desktop/Repositoryk/Vizsgaremek/BlathyFM/blathyfm_backend/vendor/laravel/framework/src/Illuminate/Database/Eloquent/Model.php(2556): Illuminate/Database/Eloquent/Model->__call('factory', Array)
#3 C:/Users/susan/Desktop/Repositoryk/Vizsgaremek/BlathyFM/blathyfm_backend/database/seeders/DatabaseSeeder.php(20): Illuminate/Database/Eloquent/Model::__callStatic('factory', Array)
#4 C:/Users/susan/Desktop/Repositoryk/Vizsgaremek/BlathyFM/blathyfm_backend/vendor/laravel/framework/src/Illuminate/Container/BoundMethod.php(36): Database/Seeders/DatabaseSeeder->run()
#5 C:/Users/susan/Desktop/Repositoryk/Vizsgaremek/BlathyFM/blathyfm_backend/vendor/laravel/framework/src/Illuminate/Container/Util.php(43): Illuminate/Container/BoundMethod::Illuminate/Container/{closure}()
#6 C:/Users/susan/Desktop/Repositoryk/Vizsgaremek/BlathyFM/blathyfm_backend/vendor/laravel/framework/src/Illuminate/Container/BoundMethod.php(96): Illuminate/Container/Util::unwrapIfClosure(Object(Closure))
#7 C:/Users/susan/Desktop/Repositoryk/Vizsgaremek/BlathyFM/blathyfm_backend/vendor/laravel/framework/src/Illuminate/Container/BoundMethod.php(35): Illuminate/Container/BoundMethod::callBoundMethod(Object(Illuminate/Foundation/Application), Array, Object(Closure))
#8 C:/Users/susan/Desktop/Repositoryk/Vizsgaremek/BlathyFM/blathyfm_backend/vendor/laravel/framework/src/Illuminate/Container/Container.php(799): Illuminate/Container/BoundMethod::call(Object(Illuminate/Foundation/Application), Array, Array, NULL)
#9 C:/Users/susan/Desktop/Repositoryk/Vizsgaremek/BlathyFM/blathyfm_backend/vendor/laravel/framework/src/Illuminate/Database/Seeder.php(184): Illuminate/Container/Container->call(Array, Array)
#10 C:/Users/susan/Desktop/Repositoryk/Vizsgaremek/BlathyFM/blathyfm_backend/vendor/laravel/framework/src/Illuminate/Database/Eloquent/Concerns/HasEvents.php(454): Illuminate/Database/Seeder->Illuminate/Database/{closure}()
#11 C:/Users/susan/Desktop/Repositoryk/Vizsgaremek/BlathyFM/blathyfm_backend/vendor/laravel/framework/src/Illuminate/Database/Console/Seeds/WithoutModelEvents.php(17): Illuminate/Database/Eloquent/Model::withoutEvents(Object(Closure))
#12 C:/Users/susan/Desktop/Repositoryk/Vizsgaremek/BlathyFM/blathyfm_backend/vendor/laravel/framework/src/Illuminate/Database/Seeder.php(193): Database/Seeders/DatabaseSeeder->Illuminate/Database/Console/Seeds/{closure}()
#13 C:/Users/susan/Desktop/Repositoryk/Vizsgaremek/BlathyFM/blathyfm_backend/vendor/laravel/framework/src/Illuminate/Database/Console/Seeds/SeedCommand.php(71): Illuminate/Database/Seeder->__invoke()
#14 C:/Users/susan/Desktop/Repositoryk/Vizsgaremek/BlathyFM/blathyfm_backend/vendor/laravel/framework/src/Illuminate/Database/Eloquent/Concerns/GuardsAttributes.php(157): Illuminate/Database/Console/Seeds/SeedCommand->Illuminate/Database/Console/Seeds/{closure}()
#15 C:/Users/susan/Desktop/Repositoryk/Vizsgaremek/BlathyFM/blathyfm_backend/vendor/laravel/framework/src/Illuminate/Database/Console/Seeds/SeedCommand.php(70): Illuminate/Database/Eloquent/Model::unguarded(Object(Closure))
#16 C:/Users/susan/Desktop/Repositoryk/Vizsgaremek/BlathyFM/blathyfm_backend/vendor/laravel/framework/src/Illuminate/Container/BoundMethod.php(36): Illuminate/Database/Console/Seeds/SeedCommand->handle()
#17 C:/Users/susan/Desktop/Repositoryk/Vizsgaremek/BlathyFM/blathyfm_backend/vendor/laravel/framework/src/Illuminate/Container/Util.php(43): Illuminate/Container/BoundMethod::Illuminate/Container/{closure}()
#18 C:/Users/susan/Desktop/Repositoryk/Vizsgaremek/BlathyFM/blathyfm_backend/vendor/laravel/framework/src/Illuminate/Container/BoundMethod.php(96): Illuminate/Container/Util::unwrapIfClosure(Object(Closure))
#19 C:/Users/susan/Desktop/Repositoryk/Vizsgaremek/BlathyFM/blathyfm_backend/vendor/laravel/framework/src/Illuminate/Container/BoundMethod.php(35): Illuminate/Container/BoundMethod::callBoundMethod(Object(Illuminate/Foundation/Application), Array, Object(Closure))
#20 C:/Users/susan/Desktop/Repositoryk/Vizsgaremek/BlathyFM/blathyfm_backend/vendor/laravel/framework/src/Illuminate/Container/Container.php(799): Illuminate/Container/BoundMethod::call(Object(Illuminate/Foundation/Application), Array, Array, NULL)
#21 C:/Users/susan/Desktop/Repositoryk/Vizsgaremek/BlathyFM/blathyfm_backend/vendor/laravel/framework/src/Illuminate/Console/Command.php(211): Illuminate/Container/Container->call(Array)
#22 C:/Users/susan/Desktop/Repositoryk/Vizsgaremek/BlathyFM/blathyfm_backend/vendor/symfony/console/Command/Command.php(341): Illuminate/Console/Command->execute(Object(Symfony/Component/Console/Input/ArrayInput), Object(Illuminate/Console/OutputStyle))
#23 C:/Users/susan/Desktop/Repositoryk/Vizsgaremek/BlathyFM/blathyfm_backend/vendor/laravel/framework/src/Illuminate/Console/Command.php(180): Symfony/Component/Console/Command/Command->run(Object(Symfony/Component/Console/Input/ArrayInput), Object(Illuminate/Console/OutputStyle))
#24 C:/Users/susan/Desktop/Repositoryk/Vizsgaremek/BlathyFM/blathyfm_backend/vendor/laravel/framework/src/Illuminate/Console/Concerns/CallsCommands.php(68): Illuminate/Console/Command->run(Object(Symfony/Component/Console/Input/ArrayInput), Object(Illuminate/Console/OutputStyle))
#25 C:/Users/susan/Desktop/Repositoryk/Vizsgaremek/BlathyFM/blathyfm_backend/vendor/laravel/framework/src/Illuminate/Console/Concerns/CallsCommands.php(29): Illuminate/Console/Command->runCommand('db:seed', Array, Object(Illuminate/Console/OutputStyle))
#26 C:/Users/susan/Desktop/Repositoryk/Vizsgaremek/BlathyFM/blathyfm_backend/vendor/laravel/framework/src/Illuminate/Database/Console/Migrations/MigrateCommand.php(125): Illuminate/Console/Command->call('db:seed', Array)
#27 C:/Users/susan/Desktop/Repositoryk/Vizsgaremek/BlathyFM/blathyfm_backend/vendor/laravel/framework/src/Illuminate/Database/Migrations/Migrator.php(671): Illuminate/Database/Console/Migrations/MigrateCommand->Illuminate/Database/Console/Migrations/{closure}()
#28 C:/Users/susan/Desktop/Repositoryk/Vizsgaremek/BlathyFM/blathyfm_backend/vendor/laravel/framework/src/Illuminate/Database/Console/Migrations/MigrateCommand.php(109): Illuminate/Database/Migrations/Migrator->usingConnection(NULL, Object(Closure))
#29 C:/Users/susan/Desktop/Repositoryk/Vizsgaremek/BlathyFM/blathyfm_backend/vendor/laravel/framework/src/Illuminate/Database/Console/Migrations/MigrateCommand.php(88): Illuminate/Database/Console/Migrations/MigrateCommand->runMigrations()
#30 C:/Users/susan/Desktop/Repositoryk/Vizsgaremek/BlathyFM/blathyfm_backend/vendor/laravel/framework/src/Illuminate/Container/BoundMethod.php(36): Illuminate/Database/Console/Migrations/MigrateCommand->handle()
#31 C:/Users/susan/Desktop/Repositoryk/Vizsgaremek/BlathyFM/blathyfm_backend/vendor/laravel/framework/src/Illuminate/Container/Util.php(43): Illuminate/Container/BoundMethod::Illuminate/Container/{closure}()
#32 C:/Users/susan/Desktop/Repositoryk/Vizsgaremek/BlathyFM/blathyfm_backend/vendor/laravel/framework/src/Illuminate/Container/BoundMethod.php(96): Illuminate/Container/Util::unwrapIfClosure(Object(Closure))
#33 C:/Users/susan/Desktop/Repositoryk/Vizsgaremek/BlathyFM/blathyfm_backend/vendor/laravel/framework/src/Illuminate/Container/BoundMethod.php(35): Illuminate/Container/BoundMethod::callBoundMethod(Object(Illuminate/Foundation/Application), Array, Object(Closure))
#34 C:/Users/susan/Desktop/Repositoryk/Vizsgaremek/BlathyFM/blathyfm_backend/vendor/laravel/framework/src/Illuminate/Container/Container.php(799): Illuminate/Container/BoundMethod::call(Object(Illuminate/Foundation/Application), Array, Array, NULL)
#35 C:/Users/susan/Desktop/Repositoryk/Vizsgaremek/BlathyFM/blathyfm_backend/vendor/laravel/framework/src/Illuminate/Console/Command.php(211): Illuminate/Container/Container->call(Array)
#36 C:/Users/susan/Desktop/Repositoryk/Vizsgaremek/BlathyFM/blathyfm_backend/vendor/symfony/console/Command/Command.php(341): Illuminate/Console/Command->execute(Object(Symfony/Component/Console/Input/ArgvInput), Object(Illuminate/Console/OutputStyle))
#37 C:/Users/susan/Desktop/Repositoryk/Vizsgaremek/BlathyFM/blathyfm_backend/vendor/laravel/framework/src/Illuminate/Console/Command.php(180): Symfony/Component/Console/Command/Command->run(Object(Symfony/Component/Console/Input/ArgvInput), Object(Illuminate/Console/OutputStyle))
#38 C:/Users/susan/Desktop/Repositoryk/Vizsgaremek/BlathyFM/blathyfm_backend/vendor/symfony/console/Application.php(1117): Illuminate/Console/Command->run(Object(Symfony/Component/Console/Input/ArgvInput), Object(Symfony/Component/Console/Output/ConsoleOutput))
#39 C:/Users/susan/Desktop/Repositoryk/Vizsgaremek/BlathyFM/blathyfm_backend/vendor/symfony/console/Application.php(356): Symfony/Component/Console/Application->doRunCommand(Object(Illuminate/Database/Console/Migrations/MigrateCommand), Object(Symfony/Component/Console/Input/ArgvInput), Object(Symfony/Component/Console/Output/ConsoleOutput))
#40 C:/Users/susan/Desktop/Repositoryk/Vizsgaremek/BlathyFM/blathyfm_backend/vendor/symfony/console/Application.php(195): Symfony/Component/Console/Application->doRun(Object(Symfony/Component/Console/Input/ArgvInput), Object(Symfony/Component/Console/Output/ConsoleOutput))
#41 C:/Users/susan/Desktop/Repositoryk/Vizsgaremek/BlathyFM/blathyfm_backend/vendor/laravel/framework/src/Illuminate/Foundation/Console/Kernel.php(198): Symfony/Component/Console/Application->run(Object(Symfony/Component/Console/Input/ArgvInput), Object(Symfony/Component/Console/Output/ConsoleOutput))
#42 C:/Users/susan/Desktop/Repositoryk/Vizsgaremek/BlathyFM/blathyfm_backend/vendor/laravel/framework/src/Illuminate/Foundation/Application.php(1235): Illuminate/Foundation/Console/Kernel->handle(Object(Symfony/Component/Console/Input/ArgvInput), Object(Symfony/Component/Console/Output/ConsoleOutput))
#43 C:/Users/susan/Desktop/Repositoryk/Vizsgaremek/BlathyFM/blathyfm_backend/artisan(16): Illuminate/Foundation/Application->handleCommand(Object(Symfony/Component/Console/Input/ArgvInput))
#44 {main}
"} 
